Archive member included to satisfy reference by file (symbol)

F:/STM32CubeIDE_1.19.0/STM32CubeIDE/plugins/com.st.stm32cube.ide.mcu.externaltools.gnu-tools-for-stm32.13.3.rel1.win32_1.0.0.202411081344/tools/bin/../lib/gcc/arm-none-eabi/13.3.1/../../../../arm-none-eabi/lib/thumb/v7e-m+fp/hard\libc_nano.a(libc_a-exit.o)
                              F:/STM32CubeIDE_1.19.0/STM32CubeIDE/plugins/com.st.stm32cube.ide.mcu.externaltools.gnu-tools-for-stm32.13.3.rel1.win32_1.0.0.202411081344/tools/bin/../lib/gcc/arm-none-eabi/13.3.1/../../../../arm-none-eabi/lib/thumb/v7e-m+fp/hard/crt0.o (exit)
F:/STM32CubeIDE_1.19.0/STM32CubeIDE/plugins/com.st.stm32cube.ide.mcu.externaltools.gnu-tools-for-stm32.13.3.rel1.win32_1.0.0.202411081344/tools/bin/../lib/gcc/arm-none-eabi/13.3.1/../../../../arm-none-eabi/lib/thumb/v7e-m+fp/hard\libc_nano.a(libc_a-rand.o)
                              ./Src/snake_prg.o (srand)
F:/STM32CubeIDE_1.19.0/STM32CubeIDE/plugins/com.st.stm32cube.ide.mcu.externaltools.gnu-tools-for-stm32.13.3.rel1.win32_1.0.0.202411081344/tools/bin/../lib/gcc/arm-none-eabi/13.3.1/../../../../arm-none-eabi/lib/thumb/v7e-m+fp/hard\libc_nano.a(libc_a-findfp.o)
                              F:/STM32CubeIDE_1.19.0/STM32CubeIDE/plugins/com.st.stm32cube.ide.mcu.externaltools.gnu-tools-for-stm32.13.3.rel1.win32_1.0.0.202411081344/tools/bin/../lib/gcc/arm-none-eabi/13.3.1/../../../../arm-none-eabi/lib/thumb/v7e-m+fp/hard\libc_nano.a(libc_a-exit.o) (__stdio_exit_handler)
F:/STM32CubeIDE_1.19.0/STM32CubeIDE/plugins/com.st.stm32cube.ide.mcu.externaltools.gnu-tools-for-stm32.13.3.rel1.win32_1.0.0.202411081344/tools/bin/../lib/gcc/arm-none-eabi/13.3.1/../../../../arm-none-eabi/lib/thumb/v7e-m+fp/hard\libc_nano.a(libc_a-fwalk.o)
                              F:/STM32CubeIDE_1.19.0/STM32CubeIDE/plugins/com.st.stm32cube.ide.mcu.externaltools.gnu-tools-for-stm32.13.3.rel1.win32_1.0.0.202411081344/tools/bin/../lib/gcc/arm-none-eabi/13.3.1/../../../../arm-none-eabi/lib/thumb/v7e-m+fp/hard\libc_nano.a(libc_a-findfp.o) (_fwalk_sglue)
F:/STM32CubeIDE_1.19.0/STM32CubeIDE/plugins/com.st.stm32cube.ide.mcu.externaltools.gnu-tools-for-stm32.13.3.rel1.win32_1.0.0.202411081344/tools/bin/../lib/gcc/arm-none-eabi/13.3.1/../../../../arm-none-eabi/lib/thumb/v7e-m+fp/hard\libc_nano.a(libc_a-stdio.o)
                              F:/STM32CubeIDE_1.19.0/STM32CubeIDE/plugins/com.st.stm32cube.ide.mcu.externaltools.gnu-tools-for-stm32.13.3.rel1.win32_1.0.0.202411081344/tools/bin/../lib/gcc/arm-none-eabi/13.3.1/../../../../arm-none-eabi/lib/thumb/v7e-m+fp/hard\libc_nano.a(libc_a-findfp.o) (__sread)
F:/STM32CubeIDE_1.19.0/STM32CubeIDE/plugins/com.st.stm32cube.ide.mcu.externaltools.gnu-tools-for-stm32.13.3.rel1.win32_1.0.0.202411081344/tools/bin/../lib/gcc/arm-none-eabi/13.3.1/../../../../arm-none-eabi/lib/thumb/v7e-m+fp/hard\libc_nano.a(libc_a-memset.o)
                              F:/STM32CubeIDE_1.19.0/STM32CubeIDE/plugins/com.st.stm32cube.ide.mcu.externaltools.gnu-tools-for-stm32.13.3.rel1.win32_1.0.0.202411081344/tools/bin/../lib/gcc/arm-none-eabi/13.3.1/../../../../arm-none-eabi/lib/thumb/v7e-m+fp/hard/crt0.o (memset)
F:/STM32CubeIDE_1.19.0/STM32CubeIDE/plugins/com.st.stm32cube.ide.mcu.externaltools.gnu-tools-for-stm32.13.3.rel1.win32_1.0.0.202411081344/tools/bin/../lib/gcc/arm-none-eabi/13.3.1/../../../../arm-none-eabi/lib/thumb/v7e-m+fp/hard\libc_nano.a(libc_a-closer.o)
                              F:/STM32CubeIDE_1.19.0/STM32CubeIDE/plugins/com.st.stm32cube.ide.mcu.externaltools.gnu-tools-for-stm32.13.3.rel1.win32_1.0.0.202411081344/tools/bin/../lib/gcc/arm-none-eabi/13.3.1/../../../../arm-none-eabi/lib/thumb/v7e-m+fp/hard\libc_nano.a(libc_a-stdio.o) (_close_r)
F:/STM32CubeIDE_1.19.0/STM32CubeIDE/plugins/com.st.stm32cube.ide.mcu.externaltools.gnu-tools-for-stm32.13.3.rel1.win32_1.0.0.202411081344/tools/bin/../lib/gcc/arm-none-eabi/13.3.1/../../../../arm-none-eabi/lib/thumb/v7e-m+fp/hard\libc_nano.a(libc_a-reent.o)
                              F:/STM32CubeIDE_1.19.0/STM32CubeIDE/plugins/com.st.stm32cube.ide.mcu.externaltools.gnu-tools-for-stm32.13.3.rel1.win32_1.0.0.202411081344/tools/bin/../lib/gcc/arm-none-eabi/13.3.1/../../../../arm-none-eabi/lib/thumb/v7e-m+fp/hard\libc_nano.a(libc_a-closer.o) (errno)
F:/STM32CubeIDE_1.19.0/STM32CubeIDE/plugins/com.st.stm32cube.ide.mcu.externaltools.gnu-tools-for-stm32.13.3.rel1.win32_1.0.0.202411081344/tools/bin/../lib/gcc/arm-none-eabi/13.3.1/../../../../arm-none-eabi/lib/thumb/v7e-m+fp/hard\libc_nano.a(libc_a-impure.o)
                              F:/STM32CubeIDE_1.19.0/STM32CubeIDE/plugins/com.st.stm32cube.ide.mcu.externaltools.gnu-tools-for-stm32.13.3.rel1.win32_1.0.0.202411081344/tools/bin/../lib/gcc/arm-none-eabi/13.3.1/../../../../arm-none-eabi/lib/thumb/v7e-m+fp/hard\libc_nano.a(libc_a-rand.o) (_impure_ptr)
[...]
Memory Configuration

Name             Origin             Length             Attributes
RAM              0x20000000         0x00010000         xrw
FLASH            0x08000000         0x00040000         xr
*default*        0x00000000         0xffffffff

Linker script and memory map

LOAD F:/STM32CubeIDE_1.19.0/STM32CubeIDE/plugins/com.st.stm32cube.ide.mcu.externaltools.gnu-tools-for-stm32.13.3.rel1.win32_1.0.0.202411081344/tools/bin/../lib/gcc/arm-none-eabi/13.3.1/thumb/v7e-m+fp/hard/crti.o
LOAD F:/STM32CubeIDE_1.19.0/STM32CubeIDE/plugins/com.st.stm32cube.ide.mcu.externaltools.gnu-tools-for-stm32.13.3.rel1.win32_1.0.0.202411081344/tools/bin/../lib/gcc/arm-none-eabi/13.3.1/thumb/v7e-m+fp/hard/crtbegin.o
LOAD F:/STM32CubeIDE_1.19.0/STM32CubeIDE/plugins/com.st.stm32cube.ide.mcu.externaltools.gnu-tools-for-stm32.13.3.rel1.win32_1.0.0.202411081344/tools/bin/../lib/gcc/arm-none-eabi/13.3.1/../../../../arm-none-eabi/lib/thumb/v7e-m+fp/hard/crt0.o
LOAD ./Src/FrameBuffer.o
LOAD ./Src/HMATH_program.o
LOAD ./Src/HMEM_program.o
LOAD ./Src/HMENU_program.o
LOAD ./Src/HTFT_prg.o
LOAD ./Src/HXO_program.o
LOAD ./Src/MEXTI_Program.o
LOAD ./Src/MGPIO_prg.o
LOAD ./Src/MNVIC_Program.o
LOAD ./Src/MRCC_prg.o
LOAD ./Src/MSPI_prg.o
LOAD ./Src/MSTK_prg.o
LOAD ./Src/main.o
LOAD ./Src/snake_prg.o
LOAD ./Src/syscalls.o
LOAD ./Src/sysmem.o
LOAD ./Startup/startup_stm32f401ccux.o
START GROUP
LOAD F:/STM32CubeIDE_1.19.0/STM32CubeIDE/plugins/com.st.stm32cube.ide.mcu.externaltools.gnu-tools-for-stm32.13.3.rel1.win32_1.0.0.202411081344/tools/bin/../lib/gcc/arm-none-eabi/13.3.1/../../../../arm-none-eabi/lib/thumb/v7e-m+fp/hard\libc_nano.a
LOAD F:/STM32CubeIDE_1.19.0/STM32CubeIDE/plugins/com.st.stm32cube.ide.mcu.externaltools.gnu-tools-for-stm32.13.3.rel1.win32_1.0.0.202411081344/tools/bin/../lib/gcc/arm-none-eabi/13.3.1/../../../../arm-none-eabi/lib/thumb/v7e-m+fp/hard\libm.a
END GROUP
START GROUP
LOAD F:/STM32CubeIDE_1.19.0/STM32CubeIDE/plugins/com.st.stm32cube.ide.mcu.externaltools.gnu-tools-for-stm32.13.3.rel1.win32_1.0.0.202411081344/tools/bin/../lib/gcc/arm-none-eabi/13.3.1/thumb/v7e-m+fp/hard\libgcc.a
LOAD F:/STM32CubeIDE_1.19.0/STM32CubeIDE/plugins/com.st.stm32cube.ide.mcu.externaltools.gnu-tools-for-stm32.13.3.rel1.win32_1.0.0.202411081344/tools/bin/../lib/gcc/arm-none-eabi/13.3.1/../../../../arm-none-eabi/lib/thumb/v7e-m+fp/hard\libc_nano.a
END GROUP
START GROUP
LOAD F:/STM32CubeIDE_1.19.0/STM32CubeIDE/plugins/com.st.stm32cube.ide.mcu.externaltools.gnu-tools-for-stm32.13.3.rel1.win32_1.0.0.202411081344/tools/bin/../lib/gcc/arm-none-eabi/13.3.1/thumb/v7e-m+fp/hard\libgcc.a
LOAD F:/STM32CubeIDE_1.19.0/STM32CubeIDE/plugins/com.st.stm32cube.ide.mcu.externaltools.gnu-tools-for-stm32.13.3.rel1.win32_1.0.0.202411081344/tools/bin/../lib/gcc/arm-none-eabi/13.3.1/../../../../arm-none-eabi/lib/thumb/v7e-m+fp/hard\libc_nano.a
LOAD F:/STM32CubeIDE_1.19.0/STM32CubeIDE/plugins/com.st.stm32cube.ide.mcu.externaltools.gnu-tools-for-stm32.13.3.rel1.win32_1.0.0.202411081344/tools/bin/../lib/gcc/arm-none-eabi/13.3.1/../../../../arm-none-eabi/lib/thumb/v7e-m+fp/hard\libnosys.a
END GROUP
START GROUP
LOAD F:/STM32CubeIDE_1.19.0/STM32CubeIDE/plugins/com.st.stm32cube.ide.mcu.externaltools.gnu-tools-for-stm32.13.3.rel1.win32_1.0.0.202411081344/tools/bin/../lib/gcc/arm-none-eabi/13.3.1/thumb/v7e-m+fp/hard\libgcc.a
LOAD F:/STM32CubeIDE_1.19.0/STM32CubeIDE/plugins/com.st.stm32cube.ide.mcu.externaltools.gnu-tools-for-stm32.13.3.rel1.win32_1.0.0.202411081344/tools/bin/../lib/gcc/arm-none-eabi/13.3.1/../../../../arm-none-eabi/lib/thumb/v7e-m+fp/hard\libc_nano.a
LOAD F:/STM32CubeIDE_1.19.0/STM32CubeIDE/plugins/com.st.stm32cube.ide.mcu.externaltools.gnu-tools-for-stm32.13.3.rel1.win32_1.0.0.202411081344/tools/bin/../lib/gcc/arm-none-eabi/13.3.1/../../../../arm-none-eabi/lib/thumb/v7e-m+fp/hard\libnosys.a
END GROUP
LOAD F:/STM32CubeIDE_1.19.0/STM32CubeIDE/plugins/com.st.stm32cube.ide.mcu.externaltools.gnu-tools-for-stm32.13.3.rel1.win32_1.0.0.202411081344/tools/bin/../lib/gcc/arm-none-eabi/13.3.1/thumb/v7e-m+fp/hard/crtend.o
LOAD F:/STM32CubeIDE_1.19.0/STM32CubeIDE/plugins/com.st.stm32cube.ide.mcu.externaltools.gnu-tools-for-stm32.13.3.rel1.win32_1.0.0.202411081344/tools/bin/../lib/gcc/arm-none-eabi/13.3.1/thumb/v7e-m+fp/hard/crtn.o
                0x20010000                        _estack = (ORIGIN (RAM) + LENGTH (RAM))
                0x00000200                        _Min_Heap_Size = 0x200
                0x00000400                        _Min_Stack_Size = 0x400

.isr_vector     0x08000000      0x194
                0x08000000                        . = ALIGN (0x4)
 *(.isr_vector)
 .isr_vector    0x08000000      0x194 ./Startup/startup_stm32f401ccux.o
                0x08000000                g_pfnVectors
                0x08000194                        . = ALIGN (0x4)

.text           0x080001a0     0x53cc
                0x080001a0                        . = ALIGN (0x4)
 *(.text)
 .text          0x080001a0       0x40 F:/STM32CubeIDE_1.19.0/STM32CubeIDE/plugins/com.st.stm32cube.ide.mcu.externaltools.gnu-tools-for-stm32.13.3.rel1.win32_1.0.0.202411081344/tools/bin/../lib/gcc/arm-none-eabi/13.3.1/thumb/v7e-m+fp/hard/crtbegin.o
 .text          0x080001e0       0xa0 F:/STM32CubeIDE_1.19.0/STM32CubeIDE/plugins/com.st.stm32cube.ide.mcu.externaltools.gnu-tools-for-stm32.13.3.rel1.win32_1.0.0.202411081344/tools/bin/../lib/gcc/arm-none-eabi/13.3.1/../../../../arm-none-eabi/lib/thumb/v7e-m+fp/hard\libc_nano.a(libc_a-memchr.o)
                0x080001e0                memchr
 *(.text*)
 .text.HMATH_btnACallback
                0x08000280       0x18 ./Src/HMATH_program.o
                0x08000280                HMATH_btnACallback
 .text.HMATH_btnBCallback
                0x08000298       0x18 ./Src/HMATH_program.o
                0x08000298                HMATH_btnBCallback
 .text.HMATH_btnCCallback
                0x080002b0       0x18 ./Src/HMATH_program.o
                0x080002b0                HMATH_btnCCallback
 .text.HMATH_voidInit
                0x080002c8       0x90 ./Src/HMATH_program.o
                0x080002c8                HMATH_voidInit
 .text.HMATH_voidResetGame
                0x08000358       0x34 ./Src/HMATH_program.o
                0x08000358                HMATH_voidResetGame
 .text.HMATH_u16GetFrameBuffer
                0x0800038c       0x14 ./Src/HMATH_program.o
                0x0800038c                HMATH_u16GetFrameBuffer
 .text.HMATH_voidPoll
                0x080003a0      0x17c ./Src/HMATH_program.o
                0x080003a0                HMATH_voidPoll
 .text.HMATH_voidGenerateQuestion
                0x0800051c      0x10c ./Src/HMATH_program.o
 .text.HMATH_voidDisplayQuestion
                0x08000628      0x148 ./Src/HMATH_program.o
 .text.HMATH_voidDisplayScore
                0x08000770       0x58 ./Src/HMATH_program.o
 .text.HMATH_u8CheckAnswer
                0x080007c8       0x2c ./Src/HMATH_program.o
 .text.HMATH_voidShowFeedback
                0x080007f4       0x90 ./Src/HMATH_program.o
 .text.HMATH_voidClearFrame
                0x08000884       0x38 ./Src/HMATH_program.o
 .text.HMATH_voidDrawText
                0x080008bc       0x58 ./Src/HMATH_program.o
 .text.HMATH_voidDrawChar
                0x08000914       0xa4 ./Src/HMATH_program.o
 .text.HMATH_voidDrawNumber
                0x080009b8       0xfc ./Src/HMATH_program.o
 .text.HMATH_voidFillRect
                0x08000ab4       0xb8 ./Src/HMATH_program.o
 .text.HMATH_voidSetPixel
                0x08000b6c       0x40 ./Src/HMATH_program.o
 .text.HMATH_u32GetMillis
                0x08000bac       0x20 ./Src/HMATH_program.o
 .text.HMATH_u16GetRandom
                0x08000bcc       0x78 ./Src/HMATH_program.o
 .text.HMATH_voidInitRandom
                0x08000c44       0x1c ./Src/HMATH_program.o
 .text.HMATH_u8GetNumberWidth
                0x08000c60       0x70 ./Src/HMATH_program.o
 .text.HMEM_btnFlipCallback
                0x08000cd0       0x18 ./Src/HMEM_program.o
                0x08000cd0                HMEM_btnFlipCallback
 .text.HMEM_btnNextCallback
                0x08000ce8       0x18 ./Src/HMEM_program.o
                0x08000ce8                HMEM_btnNextCallback
 .text.HMEM_btnResetCallback
                0x08000d00       0x18 ./Src/HMEM_program.o
                0x08000d00                HMEM_btnResetCallback
 .text.HMEM_voidInit
                0x08000d18       0x90 ./Src/HMEM_program.o
                0x08000d18                HMEM_voidInit
 .text.HMEM_voidResetGame
                0x08000da8       0xbc ./Src/HMEM_program.o
                0x08000da8                HMEM_voidResetGame
 .text.HMEM_u16GetFrameBuffer
                0x08000e64       0x14 ./Src/HMEM_program.o
                0x08000e64                HMEM_u16GetFrameBuffer
 .text.HMEM_voidPoll
                0x08000e78      0x274 ./Src/HMEM_program.o
                0x08000e78                HMEM_voidPoll
 .text.HMEM_u32GetMillis
                0x080010ec       0x20 ./Src/HMEM_program.o
 .text.HMEM_voidShuffleCards
                0x0800110c       0xfc ./Src/HMEM_program.o
 .text.HMEM_u8CheckWin
                0x08001208       0x54 ./Src/HMEM_program.o
 .text.HMEM_voidDrawFrame
                0x0800125c       0xb0 ./Src/HMEM_program.o
 .text.HMEM_voidDrawCard
                0x0800130c       0xdc ./Src/HMEM_program.o
 .text.HMEM_voidDrawCursor
                0x080013e8       0x9e ./Src/HMEM_program.o
 *fill*         0x08001486        0x2 
 .text.HMEM_voidDrawSymbol
                0x08001488      0x4c8 ./Src/HMEM_program.o
 .text.HMEM_voidGetCardBounds
                0x08001950       0x66 ./Src/HMEM_program.o
 .text.HMEM_voidGetCardCenter
                0x080019b6       0x60 ./Src/HMEM_program.o
 *fill*         0x08001a16        0x2 
 .text.HMEM_voidFillRect
                0x08001a18       0xb8 ./Src/HMEM_program.o
 .text.HMEM_voidSetPixel
                0x08001ad0       0x40 ./Src/HMEM_program.o
 .text.HMEM_voidDrawLine
                0x08001b10       0xd2 ./Src/HMEM_program.o
 .text.sampleButton
                0x08001be2       0x3c ./Src/HMENU_program.o
 *fill*         0x08001c1e        0x2 
 .text.putPixel
                0x08001c20       0x48 ./Src/HMENU_program.o
 .text.fillRect
                0x08001c68       0x84 ./Src/HMENU_program.o
 .text.drawChar
                0x08001cec       0x98 ./Src/HMENU_program.o
 .text.drawString
                0x08001d84       0x3e ./Src/HMENU_program.o
 *fill*         0x08001dc2        0x2 
 .text.HMenu_voidInit
                0x08001dc4       0x20 ./Src/HMENU_program.o
                0x08001dc4                HMenu_voidInit
 .text.HMenu_voidPoll
                0x08001de4      0x10c ./Src/HMENU_program.o
                0x08001de4                HMenu_voidPoll
 .text.drawMenu
                0x08001ef0      0x16c ./Src/HMENU_program.o
 .text.readButtonUp
                0x0800205c       0x1c ./Src/HMENU_program.o
 .text.readButtonDown
                0x08002078       0x1c ./Src/HMENU_program.o
 .text.readButtonSelect
                0x08002094       0x1c ./Src/HMENU_program.o
 .text.HTFT_voidInit
                0x080020b0       0xa2 ./Src/HTFT_prg.o
                0x080020b0                HTFT_voidInit
 .text.HTFT_voidWriteData
                0x08002152       0x26 ./Src/HTFT_prg.o
 .text.HTFT_voidWriteCommand
                0x08002178       0x26 ./Src/HTFT_prg.o
 .text.HTFT_voidDisplay
                0x0800219e       0x94 ./Src/HTFT_prg.o
                0x0800219e                HTFT_voidDisplay
 *fill*         0x08002232        0x2 
 .text.putPixel
                0x08002234       0x48 ./Src/HXO_program.o
 .text.fillRect
                0x0800227c       0x84 ./Src/HXO_program.o
 .text.drawChar
                0x08002300       0x98 ./Src/HXO_program.o
 .text.drawString
                0x08002398       0x3e ./Src/HXO_program.o
 *fill*         0x080023d6        0x2 
 .text.HXO_btnXCallback
                0x080023d8       0x18 ./Src/HXO_program.o
                0x080023d8                HXO_btnXCallback
 .text.HXO_btnOCallback
                0x080023f0       0x18 ./Src/HXO_program.o
                0x080023f0                HXO_btnOCallback
 .text.HXO_btnNextCallback
                0x08002408       0x18 ./Src/HXO_program.o
                0x08002408                HXO_btnNextCallback
 .text.resetGame
                0x08002420       0x78 ./Src/HXO_program.o
 .text.checkWinner
                0x08002498      0x1ac ./Src/HXO_program.o
 .text.makeMove
                0x08002644       0xa4 ./Src/HXO_program.o
 .text.drawBoard
                0x080026e8      0x310 ./Src/HXO_program.o
 .text.HXO_voidInit
                0x080029f8       0x84 ./Src/HXO_program.o
                0x080029f8                HXO_voidInit
 .text.HXO_voidPoll
                0x08002a7c       0xe0 ./Src/HXO_program.o
                0x08002a7c                HXO_voidPoll
 .text.HXO_u16GetFrameBuffer
                0x08002b5c       0x14 ./Src/HXO_program.o
                0x08002b5c                HXO_u16GetFrameBuffer
 .text.MEXTI_voidSetInterruptPort
                0x08002b70       0x74 ./Src/MEXTI_Program.o
                0x08002b70                MEXTI_voidSetInterruptPort
 .text.MEXTI_voidEnable
                0x08002be4       0x30 ./Src/MEXTI_Program.o
                0x08002be4                MEXTI_voidEnable
 .text.MEXTI_voidSetTrigger
                0x08002c14       0xb8 ./Src/MEXTI_Program.o
                0x08002c14                MEXTI_voidSetTrigger
 .text.MEXTI_voidCallBack
                0x08002ccc       0x2c ./Src/MEXTI_Program.o
                0x08002ccc                MEXTI_voidCallBack
 .text.EXTI0_IRQHandler
                0x08002cf8       0x24 ./Src/MEXTI_Program.o
                0x08002cf8                EXTI0_IRQHandler
 .text.EXTI1_IRQHandler
                0x08002d1c       0x24 ./Src/MEXTI_Program.o
                0x08002d1c                EXTI1_IRQHandler
 .text.EXTI2_IRQHandler
                0x08002d40       0x24 ./Src/MEXTI_Program.o
                0x08002d40                EXTI2_IRQHandler
 .text.EXTI3_IRQHandler
                0x08002d64       0x24 ./Src/MEXTI_Program.o
                0x08002d64                EXTI3_IRQHandler
 .text.EXTI4_IRQHandler
                0x08002d88       0x24 ./Src/MEXTI_Program.o
                0x08002d88                EXTI4_IRQHandler
 .text.EXTI9_5_IRQHandler
                0x08002dac       0x5c ./Src/MEXTI_Program.o
                0x08002dac                EXTI9_5_IRQHandler
 .text.EXTI15_10_IRQHandler
                0x08002e08       0x5c ./Src/MEXTI_Program.o
                0x08002e08                EXTI15_10_IRQHandler
 .text.MGPIO_voidSetPinMode
                0x08002e64       0xf8 ./Src/MGPIO_prg.o
                0x08002e64                MGPIO_voidSetPinMode
 .text.MGPIO_voidSetOutputConfig
                0x08002f5c      0x18c ./Src/MGPIO_prg.o
                0x08002f5c                MGPIO_voidSetOutputConfig
 .text.MGPIO_voidSetPinValue
                0x080030e8       0xec ./Src/MGPIO_prg.o
                0x080030e8                MGPIO_voidSetPinValue
 .text.MGPIO_voidSetINPUTConfig
                0x080031d4       0xf8 ./Src/MGPIO_prg.o
                0x080031d4                MGPIO_voidSetINPUTConfig
 .text.MGPIO_u8GetPinValue
                0x080032cc       0xa4 ./Src/MGPIO_prg.o
                0x080032cc                MGPIO_u8GetPinValue
 .text.MGPIO_voidSetAltFuncConfig
                0x08003370      0x1d8 ./Src/MGPIO_prg.o
                0x08003370                MGPIO_voidSetAltFuncConfig
 .text.MNVIC_voidEnable
                0x08003548       0x40 ./Src/MNVIC_Program.o
                0x08003548                MNVIC_voidEnable
 .text.MRCC_voidInit
                0x08003588       0x40 ./Src/MRCC_prg.o
                0x08003588                MRCC_voidInit
 .text.MRCC_voidEnablePeripheral
                0x080035c8       0x98 ./Src/MRCC_prg.o
                0x080035c8                MRCC_voidEnablePeripheral
 .text.MSPI_voidMasterInit
                0x08003660       0x8c ./Src/MSPI_prg.o
                0x08003660                MSPI_voidMasterInit
 .text.MSPI_u16Tranceive
                0x080036ec       0x3c ./Src/MSPI_prg.o
                0x080036ec                MSPI_u16Tranceive
 .text.MSTK_voidInit
                0x08003728       0x2c ./Src/MSTK_prg.o
                0x08003728                MSTK_voidInit
 .text.MSTK_voidStartTimer
                0x08003754       0x30 ./Src/MSTK_prg.o
                0x08003754                MSTK_voidStartTimer
 .text.MSTK_voidCtrlIntState
                0x08003784       0x28 ./Src/MSTK_prg.o
                0x08003784                MSTK_voidCtrlIntState
 .text.MSTK_u8ReadFlag
                0x080037ac       0x20 ./Src/MSTK_prg.o
                0x080037ac                MSTK_u8ReadFlag
 .text.MSTK_voidDelayms
                0x080037cc       0x44 ./Src/MSTK_prg.o
                0x080037cc                MSTK_voidDelayms
 .text.MSTK_voidDelayus
                0x08003810       0x3c ./Src/MSTK_prg.o
                0x08003810                MSTK_voidDelayus
 .text.SysTick_Handler
                0x0800384c       0x30 ./Src/MSTK_prg.o
                0x0800384c                SysTick_Handler
 .text.main     0x0800387c       0xca ./Src/main.o
                0x0800387c                main
 *fill*         0x08003946        0x2 
 .text.Snake_btnLeftCallback
                0x08003948       0x18 ./Src/snake_prg.o
                0x08003948                Snake_btnLeftCallback
 .text.Snake_btnRightCallback
                0x08003960       0x18 ./Src/snake_prg.o
                0x08003960                Snake_btnRightCallback
 .text.Snake_btnRestartCallback
                0x08003978       0x18 ./Src/snake_prg.o
                0x08003978                Snake_btnRestartCallback
 .text.Snake_voidInit
                0x08003990       0xf0 ./Src/snake_prg.o
                0x08003990                Snake_voidInit
 .text.Snake_voidGameLoop
                0x08003a80       0x58 ./Src/snake_prg.o
                0x08003a80                Snake_voidGameLoop
 .text.Snake_voidUpdate
                0x08003ad8      0x19c ./Src/snake_prg.o
                0x08003ad8                Snake_voidUpdate
 .text.Snake_voidHandleInput
                0x08003c74       0xe8 ./Src/snake_prg.o
                0x08003c74                Snake_voidHandleInput
 .text.Snake_voidFillScreen
                0x08003d5c       0x3c ./Src/snake_prg.o
 .text.Snake_voidDrawPixel
                0x08003d98       0x40 ./Src/snake_prg.o
 .text.Snake_voidDrawRect
                0x08003dd8       0x6e ./Src/snake_prg.o
 *fill*         0x08003e46        0x2 
 .text.Snake_voidUpdateDisplay
                0x08003e48       0x14 ./Src/snake_prg.o
 .text.Snake_voidDrawInitialState
                0x08003e5c       0x64 ./Src/snake_prg.o
 .text.Snake_voidDrawBlock
                0x08003ec0       0x3a ./Src/snake_prg.o
 *fill*         0x08003efa        0x2 
 .text.Snake_voidGenerateFood
                0x08003efc       0xa8 ./Src/snake_prg.o
 .text.Snake_u8CheckCollision
                0x08003fa4       0x5c ./Src/snake_prg.o
 .text.Snake_voidDrawScore
                0x08004000       0x6c ./Src/snake_prg.o
 .text.Snake_voidGameOver
                0x0800406c      0x2f4 ./Src/snake_prg.o
 .text._getpid  0x08004360       0x10 ./Src/syscalls.o
                0x08004360                _getpid
 .text._kill    0x08004370       0x20 ./Src/syscalls.o
                0x08004370                _kill
 .text._exit    0x08004390       0x16 ./Src/syscalls.o
                0x08004390                _exit
 .text._read    0x080043a6       0x3a ./Src/syscalls.o
                0x080043a6                _read
 .text._write   0x080043e0       0x38 ./Src/syscalls.o
                0x080043e0                _write
 .text._close   0x08004418       0x18 ./Src/syscalls.o
                0x08004418                _close
 .text._fstat   0x08004430       0x20 ./Src/syscalls.o
                0x08004430                _fstat
 .text._isatty  0x08004450       0x16 ./Src/syscalls.o
                0x08004450                _isatty
 .text._lseek   0x08004466       0x1a ./Src/syscalls.o
                0x08004466                _lseek
 .text._sbrk    0x08004480       0x6c ./Src/sysmem.o
                0x08004480                _sbrk
 .text.Reset_Handler
                0x080044ec       0x50 ./Startup/startup_stm32f401ccux.o
                0x080044ec                Reset_Handler
 .text.Default_Handler
                0x0800453c        0x2 ./Startup/startup_stm32f401ccux.o
                0x0800453c                DebugMon_Handler
                0x0800453c                SPI4_IRQHandler
                0x0800453c                TIM1_CC_IRQHandler
                0x0800453c                DMA2_Stream5_IRQHandler
                0x0800453c                HardFault_Handler
                0x0800453c                DMA1_Stream5_IRQHandler
                0x0800453c                SDIO_IRQHandler
                0x0800453c                TAMP_STAMP_IRQHandler
                0x0800453c                PendSV_Handler
                0x0800453c                NMI_Handler
                0x0800453c                TIM1_UP_TIM10_IRQHandler
                0x0800453c                I2C3_ER_IRQHandler
                0x0800453c                EXTI18_OTG_FS_WKUP_IRQHandler
                0x0800453c                I2C2_EV_IRQHandler
                0x0800453c                DMA1_Stream2_IRQHandler
                0x0800453c                UsageFault_Handler
                0x0800453c                DMA2_Stream2_IRQHandler
                0x0800453c                SPI1_IRQHandler
                0x0800453c                TIM1_BRK_TIM9_IRQHandler
                0x0800453c                DMA2_Stream3_IRQHandler
                0x0800453c                USART6_IRQHandler
                0x0800453c                DMA2_Stream0_IRQHandler
                0x0800453c                TIM4_IRQHandler
                0x0800453c                I2C1_EV_IRQHandler
                0x0800453c                DMA1_Stream6_IRQHandler
                0x0800453c                DMA1_Stream1_IRQHandler
                0x0800453c                TIM3_IRQHandler
                0x0800453c                RCC_IRQHandler
                0x0800453c                Default_Handler
                0x0800453c                ADC_IRQHandler
                0x0800453c                DMA1_Stream7_IRQHandler
                0x0800453c                TIM5_IRQHandler
                0x0800453c                DMA2_Stream7_IRQHandler
                0x0800453c                I2C3_EV_IRQHandler
                0x0800453c                SPI2_IRQHandler
                0x0800453c                MemManage_Handler
                0x0800453c                DMA1_Stream0_IRQHandler
                0x0800453c                SVC_Handler
                0x0800453c                EXTI22_RTC_WKUP_IRQHandler
                0x0800453c                TIM2_IRQHandler
                0x0800453c                EXTI16_PVD_IRQHandler
                0x0800453c                TIM1_TRG_COM_TIM11_IRQHandler
                0x0800453c                EXTI17_RTC_Alarm_IRQHandler
                0x0800453c                USART2_IRQHandler
                0x0800453c                I2C2_ER_IRQHandler
                0x0800453c                DMA2_Stream1_IRQHandler
                0x0800453c                FLASH_IRQHandler
                0x0800453c                DMA2_Stream4_IRQHandler
                0x0800453c                BusFault_Handler
                0x0800453c                USART1_IRQHandler
                0x0800453c                OTG_FS_IRQHandler
                0x0800453c                SPI3_IRQHandler
                0x0800453c                DMA1_Stream4_IRQHandler
                0x0800453c                I2C1_ER_IRQHandler
                0x0800453c                DMA2_Stream6_IRQHandler
                0x0800453c                DMA1_Stream3_IRQHandler
 *fill*         0x0800453e        0x2 
 .text.srand    0x08004540       0x5c F:/STM32CubeIDE_1.19.0/STM32CubeIDE/plugins/com.st.stm32cube.ide.mcu.externaltools.gnu-tools-for-stm32.13.3.rel1.win32_1.0.0.202411081344/tools/bin/../lib/gcc/arm-none-eabi/13.3.1/../../../../arm-none-eabi/lib/thumb/v7e-m+fp/hard\libc_nano.a(libc_a-rand.o)
                0x08004540                srand
 .text.rand     0x0800459c       0x7c F:/STM32CubeIDE_1.19.0/STM32CubeIDE/plugins/com.st.stm32cube.ide.mcu.externaltools.gnu-tools-for-stm32.13.3.rel1.win32_1.0.0.202411081344/tools/bin/../lib/gcc/arm-none-eabi/13.3.1/../../../../arm-none-eabi/lib/thumb/v7e-m+fp/hard\libc_nano.a(libc_a-rand.o)
                0x0800459c                rand
 .text.std      0x08004618       0x6c F:/STM32CubeIDE_1.19.0/STM32CubeIDE/plugins/com.st.stm32cube.ide.mcu.externaltools.gnu-tools-for-stm32.13.3.rel1.win32_1.0.0.202411081344/tools/bin/../lib/gcc/arm-none-eabi/13.3.1/../../../../arm-none-eabi/lib/thumb/v7e-m+fp/hard\libc_nano.a(libc_a-findfp.o)
 .text.stdio_exit_handler
                0x08004684       0x18 F:/STM32CubeIDE_1.19.0/STM32CubeIDE/plugins/com.st.stm32cube.ide.mcu.externaltools.gnu-tools-for-stm32.13.3.rel1.win32_1.0.0.202411081344/tools/bin/../lib/gcc/arm-none-eabi/13.3.1/../../../../arm-none-eabi/lib/thumb/v7e-m+fp/hard\libc_nano.a(libc_a-findfp.o)
 .text.cleanup_stdio
                0x0800469c       0x40 F:/STM32CubeIDE_1.19.0/STM32CubeIDE/plugins/com.st.stm32cube.ide.mcu.externaltools.gnu-tools-for-stm32.13.3.rel1.win32_1.0.0.202411081344/tools/bin/../lib/gcc/arm-none-eabi/13.3.1/../../../../arm-none-eabi/lib/thumb/v7e-m+fp/hard\libc_nano.a(libc_a-findfp.o)
 .text.global_stdio_init.part.0
                0x080046dc       0x3c F:/STM32CubeIDE_1.19.0/STM32CubeIDE/plugins/com.st.stm32cube.ide.mcu.externaltools.gnu-tools-for-stm32.13.3.rel1.win32_1.0.0.202411081344/tools/bin/../lib/gcc/arm-none-eabi/13.3.1/../../../../arm-none-eabi/lib/thumb/v7e-m+fp/hard\libc_nano.a(libc_a-findfp.o)
 .text.__sfp_lock_acquire
                0x08004718        0xc F:/STM32CubeIDE_1.19.0/STM32CubeIDE/plugins/com.st.stm32cube.ide.mcu.externaltools.gnu-tools-for-stm32.13.3.rel1.win32_1.0.0.202411081344/tools/bin/../lib/gcc/arm-none-eabi/13.3.1/../../../../arm-none-eabi/lib/thumb/v7e-m+fp/hard\libc_nano.a(libc_a-findfp.o)
                0x08004718                __sfp_lock_acquire
 .text.__sfp_lock_release
                0x08004724        0xc F:/STM32CubeIDE_1.19.0/STM32CubeIDE/plugins/com.st.stm32cube.ide.mcu.externaltools.gnu-tools-for-stm32.13.3.rel1.win32_1.0.0.202411081344/tools/bin/../lib/gcc/arm-none-eabi/13.3.1/../../../../arm-none-eabi/lib/thumb/v7e-m+fp/hard\libc_nano.a(libc_a-findfp.o)
                0x08004724                __sfp_lock_release
 .text.__sinit  0x08004730       0x30 F:/STM32CubeIDE_1.19.0/STM32CubeIDE/plugins/com.st.stm32cube.ide.mcu.externaltools.gnu-tools-for-stm32.13.3.rel1.win32_1.0.0.202411081344/tools/bin/../lib/gcc/arm-none-eabi/13.3.1/../../../../arm-none-eabi/lib/thumb/v7e-m+fp/hard\libc_nano.a(libc_a-findfp.o)
                0x08004730                __sinit
 .text._fwalk_sglue
                0x08004760       0x3c F:/STM32CubeIDE_1.19.0/STM32CubeIDE/plugins/com.st.stm32cube.ide.mcu.externaltools.gnu-tools-for-stm32.13.3.rel1.win32_1.0.0.202411081344/tools/bin/../lib/gcc/arm-none-eabi/13.3.1/../../../../arm-none-eabi/lib/thumb/v7e-m+fp/hard\libc_nano.a(libc_a-fwalk.o)
                0x08004760                _fwalk_sglue
 .text.__sread  0x0800479c       0x22 F:/STM32CubeIDE_1.19.0/STM32CubeIDE/plugins/com.st.stm32cube.ide.mcu.externaltools.gnu-tools-for-stm32.13.3.rel1.win32_1.0.0.202411081344/tools/bin/../lib/gcc/arm-none-eabi/13.3.1/../../../../arm-none-eabi/lib/thumb/v7e-m+fp/hard\libc_nano.a(libc_a-stdio.o)
                0x0800479c                __sread
 .text.__swrite
                0x080047be       0x38 F:/STM32CubeIDE_1.19.0/STM32CubeIDE/plugins/com.st.stm32cube.ide.mcu.externaltools.gnu-tools-for-stm32.13.3.rel1.win32_1.0.0.202411081344/tools/bin/../lib/gcc/arm-none-eabi/13.3.1/../../../../arm-none-eabi/lib/thumb/v7e-m+fp/hard\libc_nano.a(libc_a-stdio.o)
                0x080047be                __swrite
 .text.__sseek  0x080047f6       0x24 F:/STM32CubeIDE_1.19.0/STM32CubeIDE/plugins/com.st.stm32cube.ide.mcu.externaltools.gnu-tools-for-stm32.13.3.rel1.win32_1.0.0.202411081344/tools/bin/../lib/gcc/arm-none-eabi/13.3.1/../../../../arm-none-eabi/lib/thumb/v7e-m+fp/hard\libc_nano.a(libc_a-stdio.o)
                0x080047f6                __sseek
 .text.__sclose
                0x0800481a        0x8 F:/STM32CubeIDE_1.19.0/STM32CubeIDE/plugins/com.st.stm32cube.ide.mcu.externaltools.gnu-tools-for-stm32.13.3.rel1.win32_1.0.0.202411081344/tools/bin/../lib/gcc/arm-none-eabi/13.3.1/../../../../arm-none-eabi/lib/thumb/v7e-m+fp/hard\libc_nano.a(libc_a-stdio.o)
                0x0800481a                __sclose
 .text.memset   0x08004822       0x10 F:/STM32CubeIDE_1.19.0/STM32CubeIDE/plugins/com.st.stm32cube.ide.mcu.externaltools.gnu-tools-for-stm32.13.3.rel1.win32_1.0.0.202411081344/tools/bin/../lib/gcc/arm-none-eabi/13.3.1/../../../../arm-none-eabi/lib/thumb/v7e-m+fp/hard\libc_nano.a(libc_a-memset.o)
                0x08004822                memset
 *fill*         0x08004832        0x2 
 .text._close_r
                0x08004834       0x20 F:/STM32CubeIDE_1.19.0/STM32CubeIDE/plugins/com.st.stm32cube.ide.mcu.externaltools.gnu-tools-for-stm32.13.3.rel1.win32_1.0.0.202411081344/tools/bin/../lib/gcc/arm-none-eabi/13.3.1/../../../../arm-none-eabi/lib/thumb/v7e-m+fp/hard\libc_nano.a(libc_a-closer.o)
                0x08004834                _close_r
 .text._lseek_r
                0x08004854       0x24 F:/STM32CubeIDE_1.19.0/STM32CubeIDE/plugins/com.st.stm32cube.ide.mcu.externaltools.gnu-tools-for-stm32.13.3.rel1.win32_1.0.0.202411081344/tools/bin/../lib/gcc/arm-none-eabi/13.3.1/../../../../arm-none-eabi/lib/thumb/v7e-m+fp/hard\libc_nano.a(libc_a-lseekr.o)
                0x08004854                _lseek_r
 .text._read_r  0x08004878       0x24 F:/STM32CubeIDE_1.19.0/STM32CubeIDE/plugins/com.st.stm32cube.ide.mcu.externaltools.gnu-tools-for-stm32.13.3.rel1.win32_1.0.0.202411081344/tools/bin/../lib/gcc/arm-none-eabi/13.3.1/../../../../arm-none-eabi/lib/thumb/v7e-m+fp/hard\libc_nano.a(libc_a-readr.o)
                0x08004878                _read_r
 .text._write_r
                0x0800489c       0x24 F:/STM32CubeIDE_1.19.0/STM32CubeIDE/plugins/com.st.stm32cube.ide.mcu.externaltools.gnu-tools-for-stm32.13.3.rel1.win32_1.0.0.202411081344/tools/bin/../lib/gcc/arm-none-eabi/13.3.1/../../../../arm-none-eabi/lib/thumb/v7e-m+fp/hard\libc_nano.a(libc_a-writer.o)
                0x0800489c                _write_r
 .text.__errno  0x080048c0        0xc F:/STM32CubeIDE_1.19.0/STM32CubeIDE/plugins/com.st.stm32cube.ide.mcu.externaltools.gnu-tools-for-stm32.13.3.rel1.win32_1.0.0.202411081344/tools/bin/../lib/gcc/arm-none-eabi/13.3.1/../../../../arm-none-eabi/lib/thumb/v7e-m+fp/hard\libc_nano.a(libc_a-errno.o)
                0x080048c0                __errno
 .text.__libc_init_array
                0x080048cc       0x48 F:/STM32CubeIDE_1.19.0/STM32CubeIDE/plugins/com.st.stm32cube.ide.mcu.externaltools.gnu-tools-for-stm32.13.3.rel1.win32_1.0.0.202411081344/tools/bin/../lib/gcc/arm-none-eabi/13.3.1/../../../../arm-none-eabi/lib/thumb/v7e-m+fp/hard\libc_nano.a(libc_a-init.o)
                0x080048cc                __libc_init_array
 .text.__retarget_lock_init_recursive
                0x08004914        0x2 F:/STM32CubeIDE_1.19.0/STM32CubeIDE/plugins/com.st.stm32cube.ide.mcu.externaltools.gnu-tools-for-stm32.13.3.rel1.win32_1.0.0.202411081344/tools/bin/../lib/gcc/arm-none-eabi/13.3.1/../../../../arm-none-eabi/lib/thumb/v7e-m+fp/hard\libc_nano.a(libc_a-lock.o)
                0x08004914                __retarget_lock_init_recursive
 .text.__retarget_lock_acquire_recursive
                0x08004916        0x2 F:/STM32CubeIDE_1.19.0/STM32CubeIDE/plugins/com.st.stm32cube.ide.mcu.externaltools.gnu-tools-for-stm32.13.3.rel1.win32_1.0.0.202411081344/tools/bin/../lib/gcc/arm-none-eabi/13.3.1/../../../../arm-none-eabi/lib/thumb/v7e-m+fp/hard\libc_nano.a(libc_a-lock.o)
                0x08004916                __retarget_lock_acquire_recursive
 .text.__retarget_lock_release_recursive
                0x08004918        0x2 F:/STM32CubeIDE_1.19.0/STM32CubeIDE/plugins/com.st.stm32cube.ide.mcu.externaltools.gnu-tools-for-stm32.13.3.rel1.win32_1.0.0.202411081344/tools/bin/../lib/gcc/arm-none-eabi/13.3.1/../../../../arm-none-eabi/lib/thumb/v7e-m+fp/hard\libc_nano.a(libc_a-lock.o)
                0x08004918                __retarget_lock_release_recursive
 *fill*         0x0800491a        0x2 
 .text.__assert_func
                0x0800491c       0x3c F:/STM32CubeIDE_1.19.0/STM32CubeIDE/plugins/com.st.stm32cube.ide.mcu.externaltools.gnu-tools-for-stm32.13.3.rel1.win32_1.0.0.202411081344/tools/bin/../lib/gcc/arm-none-eabi/13.3.1/../../../../arm-none-eabi/lib/thumb/v7e-m+fp/hard\libc_nano.a(libc_a-assert.o)
                0x0800491c                __assert_func
 .text._free_r  0x08004958       0x94 F:/STM32CubeIDE_1.19.0/STM32CubeIDE/plugins/com.st.stm32cube.ide.mcu.externaltools.gnu-tools-for-stm32.13.3.rel1.win32_1.0.0.202411081344/tools/bin/../lib/gcc/arm-none-eabi/13.3.1/../../../../arm-none-eabi/lib/thumb/v7e-m+fp/hard\libc_nano.a(libc_a-freer.o)
                0x08004958                _free_r
 .text.malloc   0x080049ec       0x10 F:/STM32CubeIDE_1.19.0/STM32CubeIDE/plugins/com.st.stm32cube.ide.mcu.externaltools.gnu-tools-for-stm32.13.3.rel1.win32_1.0.0.202411081344/tools/bin/../lib/gcc/arm-none-eabi/13.3.1/../../../../arm-none-eabi/lib/thumb/v7e-m+fp/hard\libc_nano.a(libc_a-malloc.o)
                0x080049ec                malloc
 .text.sbrk_aligned
                0x080049fc       0x44 F:/STM32CubeIDE_1.19.0/STM32CubeIDE/plugins/com.st.stm32cube.ide.mcu.externaltools.gnu-tools-for-stm32.13.3.rel1.win32_1.0.0.202411081344/tools/bin/../lib/gcc/arm-none-eabi/13.3.1/../../../../arm-none-eabi/lib/thumb/v7e-m+fp/hard\libc_nano.a(libc_a-mallocr.o)
 .text._malloc_r
                0x08004a40      0x100 F:/STM32CubeIDE_1.19.0/STM32CubeIDE/plugins/com.st.stm32cube.ide.mcu.externaltools.gnu-tools-for-stm32.13.3.rel1.win32_1.0.0.202411081344/tools/bin/../lib/gcc/arm-none-eabi/13.3.1/../../../../arm-none-eabi/lib/thumb/v7e-m+fp/hard\libc_nano.a(libc_a-mallocr.o)
                0x08004a40                _malloc_r
 .text.__malloc_lock
                0x08004b40        0xc F:/STM32CubeIDE_1.19.0/STM32CubeIDE/plugins/com.st.stm32cube.ide.mcu.externaltools.gnu-tools-for-stm32.13.3.rel1.win32_1.0.0.202411081344/tools/bin/../lib/gcc/arm-none-eabi/13.3.1/../../../../arm-none-eabi/lib/thumb/v7e-m+fp/hard\libc_nano.a(libc_a-mlock.o)
                0x08004b40                __malloc_lock
 .text.__malloc_unlock
                0x08004b4c        0xc F:/STM32CubeIDE_1.19.0/STM32CubeIDE/plugins/com.st.stm32cube.ide.mcu.externaltools.gnu-tools-for-stm32.13.3.rel1.win32_1.0.0.202411081344/tools/bin/../lib/gcc/arm-none-eabi/13.3.1/../../../../arm-none-eabi/lib/thumb/v7e-m+fp/hard\libc_nano.a(libc_a-mlock.o)
                0x08004b4c                __malloc_unlock
 .text.__sflush_r
                0x08004b58      0x108 F:/STM32CubeIDE_1.19.0/STM32CubeIDE/plugins/com.st.stm32cube.ide.mcu.externaltools.gnu-tools-for-stm32.13.3.rel1.win32_1.0.0.202411081344/tools/bin/../lib/gcc/arm-none-eabi/13.3.1/../../../../arm-none-eabi/lib/thumb/v7e-m+fp/hard\libc_nano.a(libc_a-fflush.o)
                0x08004b58                __sflush_r
 .text._fflush_r
                0x08004c60       0x50 F:/STM32CubeIDE_1.19.0/STM32CubeIDE/plugins/com.st.stm32cube.ide.mcu.externaltools.gnu-tools-for-stm32.13.3.rel1.win32_1.0.0.202411081344/tools/bin/../lib/gcc/arm-none-eabi/13.3.1/../../../../arm-none-eabi/lib/thumb/v7e-m+fp/hard\libc_nano.a(libc_a-fflush.o)
                0x08004c60                _fflush_r
 .text.fprintf  0x08004cb0       0x24 F:/STM32CubeIDE_1.19.0/STM32CubeIDE/plugins/com.st.stm32cube.ide.mcu.externaltools.gnu-tools-for-stm32.13.3.rel1.win32_1.0.0.202411081344/tools/bin/../lib/gcc/arm-none-eabi/13.3.1/../../../../arm-none-eabi/lib/thumb/v7e-m+fp/hard\libc_nano.a(libc_a-fprintf.o)
                0x08004cb0                fiprintf
                0x08004cb0                fprintf
 .text._sbrk_r  0x08004cd4       0x20 F:/STM32CubeIDE_1.19.0/STM32CubeIDE/plugins/com.st.stm32cube.ide.mcu.externaltools.gnu-tools-for-stm32.13.3.rel1.win32_1.0.0.202411081344/tools/bin/../lib/gcc/arm-none-eabi/13.3.1/../../../../arm-none-eabi/lib/thumb/v7e-m+fp/hard\libc_nano.a(libc_a-sbrkr.o)
                0x08004cd4                _sbrk_r
 .text.abort    0x08004cf4        0xe F:/STM32CubeIDE_1.19.0/STM32CubeIDE/plugins/com.st.stm32cube.ide.mcu.externaltools.gnu-tools-for-stm32.13.3.rel1.win32_1.0.0.202411081344/tools/bin/../lib/gcc/arm-none-eabi/13.3.1/../../../../arm-none-eabi/lib/thumb/v7e-m+fp/hard\libc_nano.a(libc_a-abort.o)
                0x08004cf4                abort
 .text.__sfputc_r
                0x08004d02       0x2e F:/STM32CubeIDE_1.19.0/STM32CubeIDE/plugins/com.st.stm32cube.ide.mcu.externaltools.gnu-tools-for-stm32.13.3.rel1.win32_1.0.0.202411081344/tools/bin/../lib/gcc/arm-none-eabi/13.3.1/../../../../arm-none-eabi/lib/thumb/v7e-m+fp/hard\libc_nano.a(libc_a-nano-vfprintf.o)
 .text.__sfputs_r
                0x08004d30       0x24 F:/STM32CubeIDE_1.19.0/STM32CubeIDE/plugins/com.st.stm32cube.ide.mcu.externaltools.gnu-tools-for-stm32.13.3.rel1.win32_1.0.0.202411081344/tools/bin/../lib/gcc/arm-none-eabi/13.3.1/../../../../arm-none-eabi/lib/thumb/v7e-m+fp/hard\libc_nano.a(libc_a-nano-vfprintf.o)
                0x08004d30                __sfputs_r
 .text._vfprintf_r
                0x08004d54      0x230 F:/STM32CubeIDE_1.19.0/STM32CubeIDE/plugins/com.st.stm32cube.ide.mcu.externaltools.gnu-tools-for-stm32.13.3.rel1.win32_1.0.0.202411081344/tools/bin/../lib/gcc/arm-none-eabi/13.3.1/../../../../arm-none-eabi/lib/thumb/v7e-m+fp/hard\libc_nano.a(libc_a-nano-vfprintf.o)
                0x08004d54                _vfprintf_r
                0x08004d54                _vfiprintf_r
 .text._printf_common
                0x08004f84       0xda F:/STM32CubeIDE_1.19.0/STM32CubeIDE/plugins/com.st.stm32cube.ide.mcu.externaltools.gnu-tools-for-stm32.13.3.rel1.win32_1.0.0.202411081344/tools/bin/../lib/gcc/arm-none-eabi/13.3.1/../../../../arm-none-eabi/lib/thumb/v7e-m+fp/hard\libc_nano.a(libc_a-nano-vfprintf_i.o)
                0x08004f84                _printf_common
 *fill*         0x0800505e        0x2 
 .text._printf_i
                0x08005060      0x23c F:/STM32CubeIDE_1.19.0/STM32CubeIDE/plugins/com.st.stm32cube.ide.mcu.externaltools.gnu-tools-for-stm32.13.3.rel1.win32_1.0.0.202411081344/tools/bin/../lib/gcc/arm-none-eabi/13.3.1/../../../../arm-none-eabi/lib/thumb/v7e-m+fp/hard\libc_nano.a(libc_a-nano-vfprintf_i.o)
                0x08005060                _printf_i
 .text.__swbuf_r
                0x0800529c       0x7c F:/STM32CubeIDE_1.19.0/STM32CubeIDE/plugins/com.st.stm32cube.ide.mcu.externaltools.gnu-tools-for-stm32.13.3.rel1.win32_1.0.0.202411081344/tools/bin/../lib/gcc/arm-none-eabi/13.3.1/../../../../arm-none-eabi/lib/thumb/v7e-m+fp/hard\libc_nano.a(libc_a-wbuf.o)
                0x0800529c                __swbuf_r
 .text.__swsetup_r
                0x08005318       0xac F:/STM32CubeIDE_1.19.0/STM32CubeIDE/plugins/com.st.stm32cube.ide.mcu.externaltools.gnu-tools-for-stm32.13.3.rel1.win32_1.0.0.202411081344/tools/bin/../lib/gcc/arm-none-eabi/13.3.1/../../../../arm-none-eabi/lib/thumb/v7e-m+fp/hard\libc_nano.a(libc_a-wsetup.o)
                0x08005318                __swsetup_r
 .text._raise_r
                0x080053c4       0x50 F:/STM32CubeIDE_1.19.0/STM32CubeIDE/plugins/com.st.stm32cube.ide.mcu.externaltools.gnu-tools-for-stm32.13.3.rel1.win32_1.0.0.202411081344/tools/bin/../lib/gcc/arm-none-eabi/13.3.1/../../../../arm-none-eabi/lib/thumb/v7e-m+fp/hard\libc_nano.a(libc_a-signal.o)
                0x080053c4                _raise_r
 .text.raise    0x08005414       0x10 F:/STM32CubeIDE_1.19.0/STM32CubeIDE/plugins/com.st.stm32cube.ide.mcu.externaltools.gnu-tools-for-stm32.13.3.rel1.win32_1.0.0.202411081344/tools/bin/../lib/gcc/arm-none-eabi/13.3.1/../../../../arm-none-eabi/lib/thumb/v7e-m+fp/hard\libc_nano.a(libc_a-signal.o)
                0x08005414                raise
 .text._kill_r  0x08005424       0x24 F:/STM32CubeIDE_1.19.0/STM32CubeIDE/plugins/com.st.stm32cube.ide.mcu.externaltools.gnu-tools-for-stm32.13.3.rel1.win32_1.0.0.202411081344/tools/bin/../lib/gcc/arm-none-eabi/13.3.1/../../../../arm-none-eabi/lib/thumb/v7e-m+fp/hard\libc_nano.a(libc_a-signalr.o)
                0x08005424                _kill_r
 .text._getpid_r
                0x08005448        0x4 F:/STM32CubeIDE_1.19.0/STM32CubeIDE/plugins/com.st.stm32cube.ide.mcu.externaltools.gnu-tools-for-stm32.13.3.rel1.win32_1.0.0.202411081344/tools/bin/../lib/gcc/arm-none-eabi/13.3.1/../../../../arm-none-eabi/lib/thumb/v7e-m+fp/hard\libc_nano.a(libc_a-signalr.o)
                0x08005448                _getpid_r
 .text.__swhatbuf_r
                0x0800544c       0x4c F:/STM32CubeIDE_1.19.0/STM32CubeIDE/plugins/com.st.stm32cube.ide.mcu.externaltools.gnu-tools-for-stm32.13.3.rel1.win32_1.0.0.202411081344/tools/bin/../lib/gcc/arm-none-eabi/13.3.1/../../../../arm-none-eabi/lib/thumb/v7e-m+fp/hard\libc_nano.a(libc_a-makebuf.o)
                0x0800544c                __swhatbuf_r
 .text.__smakebuf_r
                0x08005498       0x78 F:/STM32CubeIDE_1.19.0/STM32CubeIDE/plugins/com.st.stm32cube.ide.mcu.externaltools.gnu-tools-for-stm32.13.3.rel1.win32_1.0.0.202411081344/tools/bin/../lib/gcc/arm-none-eabi/13.3.1/../../../../arm-none-eabi/lib/thumb/v7e-m+fp/hard\libc_nano.a(libc_a-makebuf.o)
                0x08005498                __smakebuf_r
 .text._fstat_r
                0x08005510       0x24 F:/STM32CubeIDE_1.19.0/STM32CubeIDE/plugins/com.st.stm32cube.ide.mcu.externaltools.gnu-tools-for-stm32.13.3.rel1.win32_1.0.0.202411081344/tools/bin/../lib/gcc/arm-none-eabi/13.3.1/../../../../arm-none-eabi/lib/thumb/v7e-m+fp/hard\libc_nano.a(libc_a-fstatr.o)
                0x08005510                _fstat_r
 .text._isatty_r
                0x08005534       0x20 F:/STM32CubeIDE_1.19.0/STM32CubeIDE/plugins/com.st.stm32cube.ide.mcu.externaltools.gnu-tools-for-stm32.13.3.rel1.win32_1.0.0.202411081344/tools/bin/../lib/gcc/arm-none-eabi/13.3.1/../../../../arm-none-eabi/lib/thumb/v7e-m+fp/hard\libc_nano.a(libc_a-isattyr.o)
                0x08005534                _isatty_r
 *(.glue_7)
 .glue_7        0x08005554        0x0 linker stubs
 *(.glue_7t)
 .glue_7t       0x08005554        0x0 linker stubs
 *(.eh_frame)
 .eh_frame      0x08005554        0x0 F:/STM32CubeIDE_1.19.0/STM32CubeIDE/plugins/com.st.stm32cube.ide.mcu.externaltools.gnu-tools-for-stm32.13.3.rel1.win32_1.0.0.202411081344/tools/bin/../lib/gcc/arm-none-eabi/13.3.1/thumb/v7e-m+fp/hard/crtbegin.o
 *(.init)
 .init          0x08005554        0x4 F:/STM32CubeIDE_1.19.0/STM32CubeIDE/plugins/com.st.stm32cube.ide.mcu.externaltools.gnu-tools-for-stm32.13.3.rel1.win32_1.0.0.202411081344/tools/bin/../lib/gcc/arm-none-eabi/13.3.1/thumb/v7e-m+fp/hard/crti.o
                0x08005554                _init
 .init          0x08005558        0x8 F:/STM32CubeIDE_1.19.0/STM32CubeIDE/plugins/com.st.stm32cube.ide.mcu.externaltools.gnu-tools-for-stm32.13.3.rel1.win32_1.0.0.202411081344/tools/bin/../lib/gcc/arm-none-eabi/13.3.1/thumb/v7e-m+fp/hard/crtn.o
 *(.fini)
 .fini          0x08005560        0x4 F:/STM32CubeIDE_1.19.0/STM32CubeIDE/plugins/com.st.stm32cube.ide.mcu.externaltools.gnu-tools-for-stm32.13.3.rel1.win32_1.0.0.202411081344/tools/bin/../lib/gcc/arm-none-eabi/13.3.1/thumb/v7e-m+fp/hard/crti.o
                0x08005560                _fini
 .fini          0x08005564        0x8 F:/STM32CubeIDE_1.19.0/STM32CubeIDE/plugins/com.st.stm32cube.ide.mcu.externaltools.gnu-tools-for-stm32.13.3.rel1.win32_1.0.0.202411081344/tools/bin/../lib/gcc/arm-none-eabi/13.3.1/thumb/v7e-m+fp/hard/crtn.o
                0x0800556c                        . = ALIGN (0x4)
                0x0800556c                        _etext = .

.vfp11_veneer   0x0800556c        0x0
 .vfp11_veneer  0x0800556c        0x0 linker stubs

.v4_bx          0x0800556c        0x0
 .v4_bx         0x0800556c        0x0 linker stubs

.iplt           0x0800556c        0x0
 .iplt          0x0800556c        0x0 F:/STM32CubeIDE_1.19.0/STM32CubeIDE/plugins/com.st.stm32cube.ide.mcu.externaltools.gnu-tools-for-stm32.13.3.rel1.win32_1.0.0.202411081344/tools/bin/../lib/gcc/arm-none-eabi/13.3.1/thumb/v7e-m+fp/hard/crtbegin.o

.rodata         0x0800556c      0x764
                0x0800556c                        . = ALIGN (0x4)
 *(.rodata)
 .rodata        0x0800556c       0x24 ./Src/HMATH_program.o
 .rodata        0x08005590       0x35 ./Src/HMENU_program.o
 *fill*         0x080055c5        0x3 
 .rodata        0x080055c8       0x7e ./Src/HXO_program.o
 *(.rodata*)
 *fill*         0x08005646        0x2 
 .rodata.font5x7
                0x08005648      0x1e0 ./Src/HMATH_program.o
 .rodata.HMEM_symbols
                0x08005828        0x8 ./Src/HMEM_program.o
 .rodata.font5x7
                0x08005830      0x1e0 ./Src/HMENU_program.o
 .rodata.font5x7
                0x08005a10      0x1e0 ./Src/HXO_program.o
 .rodata.srand.str1.1
                0x08005bf0       0xde F:/STM32CubeIDE_1.19.0/STM32CubeIDE/plugins/com.st.stm32cube.ide.mcu.externaltools.gnu-tools-for-stm32.13.3.rel1.win32_1.0.0.202411081344/tools/bin/../lib/gcc/arm-none-eabi/13.3.1/../../../../arm-none-eabi/lib/thumb/v7e-m+fp/hard\libc_nano.a(libc_a-rand.o)
                                 0x6f (size before relaxing)
 .rodata.__assert_func.str1.1
                0x08005cce       0x3d F:/STM32CubeIDE_1.19.0/STM32CubeIDE/plugins/com.st.stm32cube.ide.mcu.externaltools.gnu-tools-for-stm32.13.3.rel1.win32_1.0.0.202411081344/tools/bin/../lib/gcc/arm-none-eabi/13.3.1/../../../../arm-none-eabi/lib/thumb/v7e-m+fp/hard\libc_nano.a(libc_a-assert.o)
 .rodata._vfprintf_r.str1.1
                0x08005cce       0x11 F:/STM32CubeIDE_1.19.0/STM32CubeIDE/plugins/com.st.stm32cube.ide.mcu.externaltools.gnu-tools-for-stm32.13.3.rel1.win32_1.0.0.202411081344/tools/bin/../lib/gcc/arm-none-eabi/13.3.1/../../../../arm-none-eabi/lib/thumb/v7e-m+fp/hard\libc_nano.a(libc_a-nano-vfprintf.o)
 .rodata._printf_i.str1.1
                0x08005cce       0x22 F:/STM32CubeIDE_1.19.0/STM32CubeIDE/plugins/com.st.stm32cube.ide.mcu.externaltools.gnu-tools-for-stm32.13.3.rel1.win32_1.0.0.202411081344/tools/bin/../lib/gcc/arm-none-eabi/13.3.1/../../../../arm-none-eabi/lib/thumb/v7e-m+fp/hard\libc_nano.a(libc_a-nano-vfprintf_i.o)
                0x08005d0c                        . = ALIGN (0x4)
 *fill*         0x08005cce        0x2 

.ARM.extab      0x08005cd0        0x0
                0x08005cd0                        . = ALIGN (0x4)
 *(.ARM.extab* .gnu.linkonce.armextab.*)
                0x08005cd0                        . = ALIGN (0x4)

.ARM            0x08005cd0        0x8
                0x08005cd0                        . = ALIGN (0x4)
                0x08005cd0                        __exidx_start = .
 *(.ARM.exidx*)
 .ARM.exidx     0x08005cd0        0x8 F:/STM32CubeIDE_1.19.0/STM32CubeIDE/plugins/com.st.stm32cube.ide.mcu.externaltools.gnu-tools-for-stm32.13.3.rel1.win32_1.0.0.202411081344/tools/bin/../lib/gcc/arm-none-eabi/13.3.1/../../../../arm-none-eabi/lib/thumb/v7e-m+fp/hard\libc_nano.a(libc_a-memchr.o)
                0x08005cd8                        __exidx_end = .
                0x08005cd8                        . = ALIGN (0x4)

.preinit_array  0x08005cd8        0x0
                0x08005cd8                        . = ALIGN (0x4)
                0x08005cd8                        PROVIDE (__preinit_array_start = .)
 *(.preinit_array*)
                0x08005cd8                        PROVIDE (__preinit_array_end = .)
                0x08005cd8                        . = ALIGN (0x4)

.init_array     0x08005cd8        0x4
                0x08005cd8                        . = ALIGN (0x4)
                0x08005cd8                        PROVIDE (__init_array_start = .)
 *(SORT_BY_NAME(.init_array.*))
 *(.init_array*)
 .init_array    0x08005cd8        0x4 F:/STM32CubeIDE_1.19.0/STM32CubeIDE/plugins/com.st.stm32cube.ide.mcu.externaltools.gnu-tools-for-stm32.13.3.rel1.win32_1.0.0.202411081344/tools/bin/../lib/gcc/arm-none-eabi/13.3.1/thumb/v7e-m+fp/hard/crtbegin.o
                0x08005cdc                        PROVIDE (__init_array_end = .)
                0x08005cdc                        . = ALIGN (0x4)

.fini_array     0x08005cdc        0x4
                0x08005cdc                        . = ALIGN (0x4)
                [!provide]                        PROVIDE (__fini_array_start = .)
 *(SORT_BY_NAME(.fini_array.*))
 *(.fini_array*)
 .fini_array    0x08005cdc        0x4 F:/STM32CubeIDE_1.19.0/STM32CubeIDE/plugins/com.st.stm32cube.ide.mcu.externaltools.gnu-tools-for-stm32.13.3.rel1.win32_1.0.0.202411081344/tools/bin/../lib/gcc/arm-none-eabi/13.3.1/thumb/v7e-m+fp/hard/crtbegin.o
                [!provide]                        PROVIDE (__fini_array_end = .)
                0x08005ce0                        . = ALIGN (0x4)
                0x08005ce0                        _sidata = LOADADDR (.data)

.rel.dyn        0x08005ce0        0x0
 .rel.iplt      0x08005ce0        0x0 F:/STM32CubeIDE_1.19.0/STM32CubeIDE/plugins/com.st.stm32cube.ide.mcu.externaltools.gnu-tools-for-stm32.13.3.rel1.win32_1.0.0.202411081344/tools/bin/../lib/gcc/arm-none-eabi/13.3.1/thumb/v7e-m+fp/hard/crtbegin.o

.data           0x20000000       0x64 load address 0x08005ce0
                0x20000000                        . = ALIGN (0x4)
                0x20000000                        _sdata = .
 *(.data)
 *(.data*)
 .data.lfsr     0x20000000        0x2 ./Src/HMATH_program.o
 *fill*         0x20000002        0x2 
 .data.GAME_SPEED
                0x20000004        0x4 ./Src/snake_prg.o
                0x20000004                GAME_SPEED
 .data.__sglue  0x20000008        0xc F:/STM32CubeIDE_1.19.0/STM32CubeIDE/plugins/com.st.stm32cube.ide.mcu.externaltools.gnu-tools-for-stm32.13.3.rel1.win32_1.0.0.202411081344/tools/bin/../lib/gcc/arm-none-eabi/13.3.1/../../../../arm-none-eabi/lib/thumb/v7e-m+fp/hard\libc_nano.a(libc_a-findfp.o)
                0x20000008                __sglue
 .data._impure_ptr
                0x20000014        0x4 F:/STM32CubeIDE_1.19.0/STM32CubeIDE/plugins/com.st.stm32cube.ide.mcu.externaltools.gnu-tools-for-stm32.13.3.rel1.win32_1.0.0.202411081344/tools/bin/../lib/gcc/arm-none-eabi/13.3.1/../../../../arm-none-eabi/lib/thumb/v7e-m+fp/hard\libc_nano.a(libc_a-impure.o)
                0x20000014                _impure_ptr
 .data._impure_data
                0x20000018       0x4c F:/STM32CubeIDE_1.19.0/STM32CubeIDE/plugins/com.st.stm32cube.ide.mcu.externaltools.gnu-tools-for-stm32.13.3.rel1.win32_1.0.0.202411081344/tools/bin/../lib/gcc/arm-none-eabi/13.3.1/../../../../arm-none-eabi/lib/thumb/v7e-m+fp/hard\libc_nano.a(libc_a-impure.o)
                0x20000018                _impure_data
 *(.RamFunc)
 *(.RamFunc*)
                0x20000064                        . = ALIGN (0x4)
                0x20000064                        _edata = .

.igot.plt       0x20000064        0x0 load address 0x08005d44
 .igot.plt      0x20000064        0x0 F:/STM32CubeIDE_1.19.0/STM32CubeIDE/plugins/com.st.stm32cube.ide.mcu.externaltools.gnu-tools-for-stm32.13.3.rel1.win32_1.0.0.202411081344/tools/bin/../lib/gcc/arm-none-eabi/13.3.1/thumb/v7e-m+fp/hard/crtbegin.o
                0x20000064                        . = ALIGN (0x4)

.bss            0x20000064     0xa484 load address 0x08005d44
                0x20000064                        _sbss = .
                0x20000064                        __bss_start__ = _sbss
 *(.bss)
 .bss           0x20000064       0x1c F:/STM32CubeIDE_1.19.0/STM32CubeIDE/plugins/com.st.stm32cube.ide.mcu.externaltools.gnu-tools-for-stm32.13.3.rel1.win32_1.0.0.202411081344/tools/bin/../lib/gcc/arm-none-eabi/13.3.1/thumb/v7e-m+fp/hard/crtbegin.o
 *(.bss*)
 .bss.GlobalFrameBuffer
                0x20000080     0xa000 ./Src/FrameBuffer.o
                0x20000080                GlobalFrameBuffer
 .bss.current_question
                0x2000a080        0xe ./Src/HMATH_program.o
 .bss.game_state
                0x2000a08e        0x1 ./Src/HMATH_program.o
 .bss.score     0x2000a08f        0x1 ./Src/HMATH_program.o
 .bss.question_number
                0x2000a090        0x1 ./Src/HMATH_program.o
 .bss.selected_option
                0x2000a091        0x1 ./Src/HMATH_program.o
 .bss.btnAPressed
                0x2000a092        0x1 ./Src/HMATH_program.o
 .bss.btnBPressed
                0x2000a093        0x1 ./Src/HMATH_program.o
 .bss.btnCPressed
                0x2000a094        0x1 ./Src/HMATH_program.o
 *fill*         0x2000a095        0x3 
 .bss.feedback_start_time
                0x2000a098        0x4 ./Src/HMATH_program.o
 .bss.t.0       0x2000a09c        0x4 ./Src/HMATH_program.o
 .bss.HMEM_board
                0x2000a0a0       0x18 ./Src/HMEM_program.o
 .bss.HMEM_cursor_row
                0x2000a0b8        0x1 ./Src/HMEM_program.o
 .bss.HMEM_cursor_col
                0x2000a0b9        0x1 ./Src/HMEM_program.o
 .bss.HMEM_game_state
                0x2000a0ba        0x1 ./Src/HMEM_program.o
 *fill*         0x2000a0bb        0x1 
 .bss.HMEM_move_count
                0x2000a0bc        0x2 ./Src/HMEM_program.o
 .bss.HMEM_first_flipped_row
                0x2000a0be        0x1 ./Src/HMEM_program.o
 .bss.HMEM_first_flipped_col
                0x2000a0bf        0x1 ./Src/HMEM_program.o
 .bss.HMEM_second_flipped_row
                0x2000a0c0        0x1 ./Src/HMEM_program.o
 .bss.HMEM_second_flipped_col
                0x2000a0c1        0x1 ./Src/HMEM_program.o
 .bss.HMEM_flipped_count
                0x2000a0c2        0x1 ./Src/HMEM_program.o
 *fill*         0x2000a0c3        0x1 
 .bss.HMEM_mismatch_start_time
                0x2000a0c4        0x4 ./Src/HMEM_program.o
 .bss.btnFlipPressed
                0x2000a0c8        0x1 ./Src/HMEM_program.o
 .bss.btnNextPressed
                0x2000a0c9        0x1 ./Src/HMEM_program.o
 .bss.btnResetPressed
                0x2000a0ca        0x1 ./Src/HMEM_program.o
 *fill*         0x2000a0cb        0x1 
 .bss.win_flash_start.1
                0x2000a0cc        0x4 ./Src/HMEM_program.o
 .bss.t.0       0x2000a0d0        0x4 ./Src/HMEM_program.o
 .bss.selected  0x2000a0d4        0x1 ./Src/HMENU_program.o
 *fill*         0x2000a0d5        0x3 
 .bss.board     0x2000a0d8        0x9 ./Src/HXO_program.o
 .bss.currentPlayer
                0x2000a0e1        0x1 ./Src/HXO_program.o
 .bss.gameState
                0x2000a0e2        0x1 ./Src/HXO_program.o
 .bss.cursorRow
                0x2000a0e3        0x1 ./Src/HXO_program.o
 .bss.cursorCol
                0x2000a0e4        0x1 ./Src/HXO_program.o
 .bss.btnXPressed
                0x2000a0e5        0x1 ./Src/HXO_program.o
 .bss.btnOPressed
                0x2000a0e6        0x1 ./Src/HXO_program.o
 .bss.btnNextPressed
                0x2000a0e7        0x1 ./Src/HXO_program.o
 .bss.GLOBAL_PTR
                0x2000a0e8       0x40 ./Src/MEXTI_Program.o
 .bss.Global_ptr
                0x2000a128        0x4 ./Src/MSTK_prg.o
 .bss.flag      0x2000a12c        0x1 ./Src/MSTK_prg.o
 *fill*         0x2000a12d        0x3 
 .bss.game      0x2000a130      0x262 ./Src/snake_prg.o
 .bss.btnLeftPressed
                0x2000a392        0x1 ./Src/snake_prg.o
 .bss.btnRightPressed
                0x2000a393        0x1 ./Src/snake_prg.o
 .bss.btnRestartPressed
                0x2000a394        0x1 ./Src/snake_prg.o
 *fill*         0x2000a395        0x3 
 .bss.__sbrk_heap_end
                0x2000a398        0x4 ./Src/sysmem.o
 .bss.__sf      0x2000a39c      0x138 F:/STM32CubeIDE_1.19.0/STM32CubeIDE/plugins/com.st.stm32cube.ide.mcu.externaltools.gnu-tools-for-stm32.13.3.rel1.win32_1.0.0.202411081344/tools/bin/../lib/gcc/arm-none-eabi/13.3.1/../../../../arm-none-eabi/lib/thumb/v7e-m+fp/hard\libc_nano.a(libc_a-findfp.o)
                0x2000a39c                __sf
 .bss.__stdio_exit_handler
                0x2000a4d4        0x4 F:/STM32CubeIDE_1.19.0/STM32CubeIDE/plugins/com.st.stm32cube.ide.mcu.externaltools.gnu-tools-for-stm32.13.3.rel1.win32_1.0.0.202411081344/tools/bin/../lib/gcc/arm-none-eabi/13.3.1/../../../../arm-none-eabi/lib/thumb/v7e-m+fp/hard\libc_nano.a(libc_a-findfp.o)
                0x2000a4d4                __stdio_exit_handler
 .bss.errno     0x2000a4d8        0x4 F:/STM32CubeIDE_1.19.0/STM32CubeIDE/plugins/com.st.stm32cube.ide.mcu.externaltools.gnu-tools-for-stm32.13.3.rel1.win32_1.0.0.202411081344/tools/bin/../lib/gcc/arm-none-eabi/13.3.1/../../../../arm-none-eabi/lib/thumb/v7e-m+fp/hard\libc_nano.a(libc_a-reent.o)
                0x2000a4d8                errno
 .bss.__lock___malloc_recursive_mutex
                0x2000a4dc        0x1 F:/STM32CubeIDE_1.19.0/STM32CubeIDE/plugins/com.st.stm32cube.ide.mcu.externaltools.gnu-tools-for-stm32.13.3.rel1.win32_1.0.0.202411081344/tools/bin/../lib/gcc/arm-none-eabi/13.3.1/../../../../arm-none-eabi/lib/thumb/v7e-m+fp/hard\libc_nano.a(libc_a-lock.o)
                0x2000a4dc                __lock___malloc_recursive_mutex
 .bss.__lock___sfp_recursive_mutex
                0x2000a4dd        0x1 F:/STM32CubeIDE_1.19.0/STM32CubeIDE/plugins/com.st.stm32cube.ide.mcu.externaltools.gnu-tools-for-stm32.13.3.rel1.win32_1.0.0.202411081344/tools/bin/../lib/gcc/arm-none-eabi/13.3.1/../../../../arm-none-eabi/lib/thumb/v7e-m+fp/hard\libc_nano.a(libc_a-lock.o)
                0x2000a4dd                __lock___sfp_recursive_mutex
 *fill*         0x2000a4de        0x2 
 .bss.__malloc_sbrk_start
                0x2000a4e0        0x4 F:/STM32CubeIDE_1.19.0/STM32CubeIDE/plugins/com.st.stm32cube.ide.mcu.externaltools.gnu-tools-for-stm32.13.3.rel1.win32_1.0.0.202411081344/tools/bin/../lib/gcc/arm-none-eabi/13.3.1/../../../../arm-none-eabi/lib/thumb/v7e-m+fp/hard\libc_nano.a(libc_a-mallocr.o)
                0x2000a4e0                __malloc_sbrk_start
 .bss.__malloc_free_list
                0x2000a4e4        0x4 F:/STM32CubeIDE_1.19.0/STM32CubeIDE/plugins/com.st.stm32cube.ide.mcu.externaltools.gnu-tools-for-stm32.13.3.rel1.win32_1.0.0.202411081344/tools/bin/../lib/gcc/arm-none-eabi/13.3.1/../../../../arm-none-eabi/lib/thumb/v7e-m+fp/hard\libc_nano.a(libc_a-mallocr.o)
                0x2000a4e4                __malloc_free_list
 *(COMMON)
                0x2000a4e8                        . = ALIGN (0x4)
                0x2000a4e8                        _ebss = .
                0x2000a4e8                        __bss_end__ = _ebss

._user_heap_stack
                0x2000a4e8      0x600 load address 0x08005d44
                0x2000a4e8                        . = ALIGN (0x8)
                [!provide]                        PROVIDE (end = .)
                0x2000a4e8                        PROVIDE (_end = .)
                0x2000a6e8                        . = (. + _Min_Heap_Size)
 *fill*         0x2000a4e8      0x200 
                0x2000aae8                        . = (. + _Min_Stack_Size)
 *fill*         0x2000a6e8      0x400 
                0x2000aae8                        . = ALIGN (0x8)

/DISCARD/
 libc.a(*)
 libm.a(*)
 libgcc.a(*)

.ARM.attributes
                0x00000000       0x30
 *(.ARM.attributes)
 .ARM.attributes
                0x00000000       0x22 F:/STM32CubeIDE_1.19.0/STM32CubeIDE/plugins/com.st.stm32cube.ide.mcu.externaltools.gnu-tools-for-stm32.13.3.rel1.win32_1.0.0.202411081344/tools/bin/../lib/gcc/arm-none-eabi/13.3.1/thumb/v7e-m+fp/hard/crti.o
 .ARM.attributes
                0x00000022       0x34 F:/STM32CubeIDE_1.19.0/STM32CubeIDE/plugins/com.st.stm32cube.ide.mcu.externaltools.gnu-tools-for-stm32.13.3.rel1.win32_1.0.0.202411081344/tools/bin/../lib/gcc/arm-none-eabi/13.3.1/thumb/v7e-m+fp/hard/crtbegin.o
 .ARM.attributes
                0x00000056       0x34 ./Src/FrameBuffer.o
 .ARM.attributes
                0x0000008a       0x34 ./Src/HMATH_program.o
 .ARM.attributes
                0x000000be       0x34 ./Src/HMEM_program.o
 .ARM.attributes
                0x000000f2       0x34 ./Src/HMENU_program.o
 .ARM.attributes
                0x00000126       0x34 ./Src/HTFT_prg.o
 .ARM.attributes
                0x0000015a       0x34 ./Src/HXO_program.o
 .ARM.attributes
                0x0000018e       0x34 ./Src/MEXTI_Program.o
 .ARM.attributes
                0x000001c2       0x34 ./Src/MGPIO_prg.o
 .ARM.attributes
                0x000001f6       0x34 ./Src/MNVIC_Program.o
 .ARM.attributes
                0x0000022a       0x34 ./Src/MRCC_prg.o
 .ARM.attributes
                0x0000025e       0x34 ./Src/MSPI_prg.o
 .ARM.attributes
                0x00000292       0x34 ./Src/MSTK_prg.o
 .ARM.attributes
                0x000002c6       0x34 ./Src/main.o
 .ARM.attributes
                0x000002fa       0x34 ./Src/snake_prg.o
 .ARM.attributes
                0x0000032e       0x34 ./Src/syscalls.o
 .ARM.attributes
                0x00000362       0x34 ./Src/sysmem.o
 .ARM.attributes
                0x00000396       0x21 ./Startup/startup_stm32f401ccux.o
 .ARM.attributes
                0x000003b7       0x34 F:/STM32CubeIDE_1.19.0/STM32CubeIDE/plugins/com.st.stm32cube.ide.mcu.externaltools.gnu-tools-for-stm32.13.3.rel1.win32_1.0.0.202411081344/tools/bin/../lib/gcc/arm-none-eabi/13.3.1/../../../../arm-none-eabi/lib/thumb/v7e-m+fp/hard\libc_nano.a(libc_a-rand.o)
 .ARM.attributes
                0x000003eb       0x34 F:/STM32CubeIDE_1.19.0/STM32CubeIDE/plugins/com.st.stm32cube.ide.mcu.externaltools.gnu-tools-for-stm32.13.3.rel1.win32_1.0.0.202411081344/tools/bin/../lib/gcc/arm-none-eabi/13.3.1/../../../../arm-none-eabi/lib/thumb/v7e-m+fp/hard\libc_nano.a(libc_a-findfp.o)
 .ARM.attributes
                0x0000041f       0x34 F:/STM32CubeIDE_1.19.0/STM32CubeIDE/plugins/com.st.stm32cube.ide.mcu.externaltools.gnu-tools-for-stm32.13.3.rel1.win32_1.0.0.202411081344/tools/bin/../lib/gcc/arm-none-eabi/13.3.1/../../../../arm-none-eabi/lib/thumb/v7e-m+fp/hard\libc_nano.a(libc_a-fwalk.o)
 .ARM.attributes
                0x00000453       0x34 F:/STM32CubeIDE_1.19.0/STM32CubeIDE/plugins/com.st.stm32cube.ide.mcu.externaltools.gnu-tools-for-stm32.13.3.rel1.win32_1.0.0.202411081344/tools/bin/../lib/gcc/arm-none-eabi/13.3.1/../../../../arm-none-eabi/lib/thumb/v7e-m+fp/hard\libc_nano.a(libc_a-stdio.o)
 .ARM.attributes
                0x00000487       0x34 F:/STM32CubeIDE_1.19.0/STM32CubeIDE/plugins/com.st.stm32cube.ide.mcu.externaltools.gnu-tools-for-stm32.13.3.rel1.win32_1.0.0.202411081344/tools/bin/../lib/gcc/arm-none-eabi/13.3.1/../../../../arm-none-eabi/lib/thumb/v7e-m+fp/hard\libc_nano.a(libc_a-memset.o)
 .ARM.attributes
                0x000004bb       0x34 F:/STM32CubeIDE_1.19.0/STM32CubeIDE/plugins/com.st.stm32cube.ide.mcu.externaltools.gnu-tools-for-stm32.13.3.rel1.win32_1.0.0.202411081344/tools/bin/../lib/gcc/arm-none-eabi/13.3.1/../../../../arm-none-eabi/lib/thumb/v7e-m+fp/hard\libc_nano.a(libc_a-closer.o)
 .ARM.attributes
                0x000004ef       0x34 F:/STM32CubeIDE_1.19.0/STM32CubeIDE/plugins/com.st.stm32cube.ide.mcu.externaltools.gnu-tools-for-stm32.13.3.rel1.win32_1.0.0.202411081344/tools/bin/../lib/gcc/arm-none-eabi/13.3.1/../../../../arm-none-eabi/lib/thumb/v7e-m+fp/hard\libc_nano.a(libc_a-reent.o)
 .ARM.attributes
                0x00000523       0x34 F:/STM32CubeIDE_1.19.0/STM32CubeIDE/plugins/com.st.stm32cube.ide.mcu.externaltools.gnu-tools-for-stm32.13.3.rel1.win32_1.0.0.202411081344/tools/bin/../lib/gcc/arm-none-eabi/13.3.1/../../../../arm-none-eabi/lib/thumb/v7e-m+fp/hard\libc_nano.a(libc_a-impure.o)
 .ARM.attributes
                0x00000557       0x34 F:/STM32CubeIDE_1.19.0/STM32CubeIDE/plugins/com.st.stm32cube.ide.mcu.externaltools.gnu-tools-for-stm32.13.3.rel1.win32_1.0.0.202411081344/tools/bin/../lib/gcc/arm-none-eabi/13.3.1/../../../../arm-none-eabi/lib/thumb/v7e-m+fp/hard\libc_nano.a(libc_a-lseekr.o)
 .ARM.attributes
                0x0000058b       0x34 F:/STM32CubeIDE_1.19.0/STM32CubeIDE/plugins/com.st.stm32cube.ide.mcu.externaltools.gnu-tools-for-stm32.13.3.rel1.win32_1.0.0.202411081344/tools/bin/../lib/gcc/arm-none-eabi/13.3.1/../../../../arm-none-eabi/lib/thumb/v7e-m+fp/hard\libc_nano.a(libc_a-readr.o)
 .ARM.attributes
                0x000005bf       0x34 F:/STM32CubeIDE_1.19.0/STM32CubeIDE/plugins/com.st.stm32cube.ide.mcu.externaltools.gnu-tools-for-stm32.13.3.rel1.win32_1.0.0.202411081344/tools/bin/../lib/gcc/arm-none-eabi/13.3.1/../../../../arm-none-eabi/lib/thumb/v7e-m+fp/hard\libc_nano.a(libc_a-writer.o)
 .ARM.attributes
                0x000005f3       0x34 F:/STM32CubeIDE_1.19.0/STM32CubeIDE/plugins/com.st.stm32cube.ide.mcu.externaltools.gnu-tools-for-stm32.13.3.rel1.win32_1.0.0.202411081344/tools/bin/../lib/gcc/arm-none-eabi/13.3.1/../../../../arm-none-eabi/lib/thumb/v7e-m+fp/hard\libc_nano.a(libc_a-errno.o)
 .ARM.attributes
                0x00000627       0x34 F:/STM32CubeIDE_1.19.0/STM32CubeIDE/plugins/com.st.stm32cube.ide.mcu.externaltools.gnu-tools-for-stm32.13.3.rel1.win32_1.0.0.202411081344/tools/bin/../lib/gcc/arm-none-eabi/13.3.1/../../../../arm-none-eabi/lib/thumb/v7e-m+fp/hard\libc_nano.a(libc_a-init.o)
 .ARM.attributes
                0x0000065b       0x34 F:/STM32CubeIDE_1.19.0/STM32CubeIDE/plugins/com.st.stm32cube.ide.mcu.externaltools.gnu-tools-for-stm32.13.3.rel1.win32_1.0.0.202411081344/tools/bin/../lib/gcc/arm-none-eabi/13.3.1/../../../../arm-none-eabi/lib/thumb/v7e-m+fp/hard\libc_nano.a(libc_a-lock.o)
 .ARM.attributes
                0x0000068f       0x34 F:/STM32CubeIDE_1.19.0/STM32CubeIDE/plugins/com.st.stm32cube.ide.mcu.externaltools.gnu-tools-for-stm32.13.3.rel1.win32_1.0.0.202411081344/tools/bin/../lib/gcc/arm-none-eabi/13.3.1/../../../../arm-none-eabi/lib/thumb/v7e-m+fp/hard\libc_nano.a(libc_a-assert.o)
 .ARM.attributes
                0x000006c3       0x34 F:/STM32CubeIDE_1.19.0/STM32CubeIDE/plugins/com.st.stm32cube.ide.mcu.externaltools.gnu-tools-for-stm32.13.3.rel1.win32_1.0.0.202411081344/tools/bin/../lib/gcc/arm-none-eabi/13.3.1/../../../../arm-none-eabi/lib/thumb/v7e-m+fp/hard\libc_nano.a(libc_a-freer.o)
 .ARM.attributes
                0x000006f7       0x34 F:/STM32CubeIDE_1.19.0/STM32CubeIDE/plugins/com.st.stm32cube.ide.mcu.externaltools.gnu-tools-for-stm32.13.3.rel1.win32_1.0.0.202411081344/tools/bin/../lib/gcc/arm-none-eabi/13.3.1/../../../../arm-none-eabi/lib/thumb/v7e-m+fp/hard\libc_nano.a(libc_a-malloc.o)
 .ARM.attributes
                0x0000072b       0x34 F:/STM32CubeIDE_1.19.0/STM32CubeIDE/plugins/com.st.stm32cube.ide.mcu.externaltools.gnu-tools-for-stm32.13.3.rel1.win32_1.0.0.202411081344/tools/bin/../lib/gcc/arm-none-eabi/13.3.1/../../../../arm-none-eabi/lib/thumb/v7e-m+fp/hard\libc_nano.a(libc_a-mallocr.o)
 .ARM.attributes
                0x0000075f       0x34 F:/STM32CubeIDE_1.19.0/STM32CubeIDE/plugins/com.st.stm32cube.ide.mcu.externaltools.gnu-tools-for-stm32.13.3.rel1.win32_1.0.0.202411081344/tools/bin/../lib/gcc/arm-none-eabi/13.3.1/../../../../arm-none-eabi/lib/thumb/v7e-m+fp/hard\libc_nano.a(libc_a-mlock.o)
 .ARM.attributes
                0x00000793       0x34 F:/STM32CubeIDE_1.19.0/STM32CubeIDE/plugins/com.st.stm32cube.ide.mcu.externaltools.gnu-tools-for-stm32.13.3.rel1.win32_1.0.0.202411081344/tools/bin/../lib/gcc/arm-none-eabi/13.3.1/../../../../arm-none-eabi/lib/thumb/v7e-m+fp/hard\libc_nano.a(libc_a-fflush.o)
 .ARM.attributes
                0x000007c7       0x34 F:/STM32CubeIDE_1.19.0/STM32CubeIDE/plugins/com.st.stm32cube.ide.mcu.externaltools.gnu-tools-for-stm32.13.3.rel1.win32_1.0.0.202411081344/tools/bin/../lib/gcc/arm-none-eabi/13.3.1/../../../../arm-none-eabi/lib/thumb/v7e-m+fp/hard\libc_nano.a(libc_a-fprintf.o)
 .ARM.attributes
                0x000007fb       0x34 F:/STM32CubeIDE_1.19.0/STM32CubeIDE/plugins/com.st.stm32cube.ide.mcu.externaltools.gnu-tools-for-stm32.13.3.rel1.win32_1.0.0.202411081344/tools/bin/../lib/gcc/arm-none-eabi/13.3.1/../../../../arm-none-eabi/lib/thumb/v7e-m+fp/hard\libc_nano.a(libc_a-sbrkr.o)
 .ARM.attributes
                0x0000082f       0x34 F:/STM32CubeIDE_1.19.0/STM32CubeIDE/plugins/com.st.stm32cube.ide.mcu.externaltools.gnu-tools-for-stm32.13.3.rel1.win32_1.0.0.202411081344/tools/bin/../lib/gcc/arm-none-eabi/13.3.1/../../../../arm-none-eabi/lib/thumb/v7e-m+fp/hard\libc_nano.a(libc_a-abort.o)
 .ARM.attributes
                0x00000863       0x34 F:/STM32CubeIDE_1.19.0/STM32CubeIDE/plugins/com.st.stm32cube.ide.mcu.externaltools.gnu-tools-for-stm32.13.3.rel1.win32_1.0.0.202411081344/tools/bin/../lib/gcc/arm-none-eabi/13.3.1/../../../../arm-none-eabi/lib/thumb/v7e-m+fp/hard\libc_nano.a(libc_a-nano-vfprintf.o)
 .ARM.attributes
                0x00000897       0x34 F:/STM32CubeIDE_1.19.0/STM32CubeIDE/plugins/com.st.stm32cube.ide.mcu.externaltools.gnu-tools-for-stm32.13.3.rel1.win32_1.0.0.202411081344/tools/bin/../lib/gcc/arm-none-eabi/13.3.1/../../../../arm-none-eabi/lib/thumb/v7e-m+fp/hard\libc_nano.a(libc_a-nano-vfprintf_i.o)
 .ARM.attributes
                0x000008cb       0x34 F:/STM32CubeIDE_1.19.0/STM32CubeIDE/plugins/com.st.stm32cube.ide.mcu.externaltools.gnu-tools-for-stm32.13.3.rel1.win32_1.0.0.202411081344/tools/bin/../lib/gcc/arm-none-eabi/13.3.1/../../../../arm-none-eabi/lib/thumb/v7e-m+fp/hard\libc_nano.a(libc_a-wbuf.o)
 .ARM.attributes
                0x000008ff       0x34 F:/STM32CubeIDE_1.19.0/STM32CubeIDE/plugins/com.st.stm32cube.ide.mcu.externaltools.gnu-tools-for-stm32.13.3.rel1.win32_1.0.0.202411081344/tools/bin/../lib/gcc/arm-none-eabi/13.3.1/../../../../arm-none-eabi/lib/thumb/v7e-m+fp/hard\libc_nano.a(libc_a-wsetup.o)
 .ARM.attributes
                0x00000933       0x34 F:/STM32CubeIDE_1.19.0/STM32CubeIDE/plugins/com.st.stm32cube.ide.mcu.externaltools.gnu-tools-for-stm32.13.3.rel1.win32_1.0.0.202411081344/tools/bin/../lib/gcc/arm-none-eabi/13.3.1/../../../../arm-none-eabi/lib/thumb/v7e-m+fp/hard\libc_nano.a(libc_a-signal.o)
 .ARM.attributes
                0x00000967       0x34 F:/STM32CubeIDE_1.19.0/STM32CubeIDE/plugins/com.st.stm32cube.ide.mcu.externaltools.gnu-tools-for-stm32.13.3.rel1.win32_1.0.0.202411081344/tools/bin/../lib/gcc/arm-none-eabi/13.3.1/../../../../arm-none-eabi/lib/thumb/v7e-m+fp/hard\libc_nano.a(libc_a-signalr.o)
 .ARM.attributes
                0x0000099b       0x1c F:/STM32CubeIDE_1.19.0/STM32CubeIDE/plugins/com.st.stm32cube.ide.mcu.externaltools.gnu-tools-for-stm32.13.3.rel1.win32_1.0.0.202411081344/tools/bin/../lib/gcc/arm-none-eabi/13.3.1/../../../../arm-none-eabi/lib/thumb/v7e-m+fp/hard\libc_nano.a(libc_a-memchr.o)
 .ARM.attributes
                0x000009b7       0x34 F:/STM32CubeIDE_1.19.0/STM32CubeIDE/plugins/com.st.stm32cube.ide.mcu.externaltools.gnu-tools-for-stm32.13.3.rel1.win32_1.0.0.202411081344/tools/bin/../lib/gcc/arm-none-eabi/13.3.1/../../../../arm-none-eabi/lib/thumb/v7e-m+fp/hard\libc_nano.a(libc_a-makebuf.o)
 .ARM.attributes
                0x000009eb       0x34 F:/STM32CubeIDE_1.19.0/STM32CubeIDE/plugins/com.st.stm32cube.ide.mcu.externaltools.gnu-tools-for-stm32.13.3.rel1.win32_1.0.0.202411081344/tools/bin/../lib/gcc/arm-none-eabi/13.3.1/../../../../arm-none-eabi/lib/thumb/v7e-m+fp/hard\libc_nano.a(libc_a-fstatr.o)
 .ARM.attributes
                0x00000a1f       0x34 F:/STM32CubeIDE_1.19.0/STM32CubeIDE/plugins/com.st.stm32cube.ide.mcu.externaltools.gnu-tools-for-stm32.13.3.rel1.win32_1.0.0.202411081344/tools/bin/../lib/gcc/arm-none-eabi/13.3.1/../../../../arm-none-eabi/lib/thumb/v7e-m+fp/hard\libc_nano.a(libc_a-isattyr.o)
 .ARM.attributes
                0x00000a53       0x22 F:/STM32CubeIDE_1.19.0/STM32CubeIDE/plugins/com.st.stm32cube.ide.mcu.externaltools.gnu-tools-for-stm32.13.3.rel1.win32_1.0.0.202411081344/tools/bin/../lib/gcc/arm-none-eabi/13.3.1/thumb/v7e-m+fp/hard/crtn.o
OUTPUT(gaming_hub.elf elf32-littlearm)
LOAD linker stubs
LOAD F:/STM32CubeIDE_1.19.0/STM32CubeIDE/plugins/com.st.stm32cube.ide.mcu.externaltools.gnu-tools-for-stm32.13.3.rel1.win32_1.0.0.202411081344/tools/bin/../lib/gcc/arm-none-eabi/13.3.1/../../../../arm-none-eabi/lib/thumb/v7e-m+fp/hard\libc.a
LOAD F:/STM32CubeIDE_1.19.0/STM32CubeIDE/plugins/com.st.stm32cube.ide.mcu.externaltools.gnu-tools-for-stm32.13.3.rel1.win32_1.0.0.202411081344/tools/bin/../lib/gcc/arm-none-eabi/13.3.1/../../../../arm-none-eabi/lib/thumb/v7e-m+fp/hard\libm.a
LOAD F:/STM32CubeIDE_1.19.0/STM32CubeIDE/plugins/com.st.stm32cube.ide.mcu.externaltools.gnu-tools-for-stm32.13.3.rel1.win32_1.0.0.202411081344/tools/bin/../lib/gcc/arm-none-eabi/13.3.1/thumb/v7e-m+fp/hard\libgcc.a

.debug_info     0x00000000     0x4b5d
 .debug_info    0x00000000       0x99 ./Src/FrameBuffer.o
 .debug_info    0x00000099      0xa39 ./Src/HMATH_program.o
 .debug_info    0x00000ad2      0xb87 ./Src/HMEM_program.o
 .debug_info    0x00001659      0x566 ./Src/HMENU_program.o
 .debug_info    0x00001bbf      0x2fb ./Src/HTFT_prg.o
 .debug_info    0x00001eba      0x805 ./Src/HXO_program.o
 .debug_info    0x000026bf      0x3a8 ./Src/MEXTI_Program.o
 .debug_info    0x00002a67      0x4a3 ./Src/MGPIO_prg.o
 .debug_info    0x00002f0a      0x2ee ./Src/MNVIC_Program.o
 .debug_info    0x000031f8      0x2a3 ./Src/MRCC_prg.o
 .debug_info    0x0000349b      0x138 ./Src/MSPI_prg.o
 .debug_info    0x000035d3      0x260 ./Src/MSTK_prg.o
 .debug_info    0x00003833      0x424 ./Src/main.o
 .debug_info    0x00003c57      0x6cb ./Src/snake_prg.o
 .debug_info    0x00004322      0x6a3 ./Src/syscalls.o
 .debug_info    0x000049c5      0x168 ./Src/sysmem.o
 .debug_info    0x00004b2d       0x30 ./Startup/startup_stm32f401ccux.o

.debug_abbrev   0x00000000     0x178f
 .debug_abbrev  0x00000000       0x60 ./Src/FrameBuffer.o
 .debug_abbrev  0x00000060      0x291 ./Src/HMATH_program.o
 .debug_abbrev  0x000002f1      0x285 ./Src/HMEM_program.o
 .debug_abbrev  0x00000576      0x1e4 ./Src/HMENU_program.o
 .debug_abbrev  0x0000075a      0x120 ./Src/HTFT_prg.o
 .debug_abbrev  0x0000087a      0x1e5 ./Src/HXO_program.o
 .debug_abbrev  0x00000a5f      0x178 ./Src/MEXTI_Program.o
 .debug_abbrev  0x00000bd7      0x115 ./Src/MGPIO_prg.o
 .debug_abbrev  0x00000cec      0x147 ./Src/MNVIC_Program.o
 .debug_abbrev  0x00000e33       0xed ./Src/MRCC_prg.o
 .debug_abbrev  0x00000f20       0xbd ./Src/MSPI_prg.o
 .debug_abbrev  0x00000fdd      0x15f ./Src/MSTK_prg.o
 .debug_abbrev  0x0000113c      0x10a ./Src/main.o
 .debug_abbrev  0x00001246      0x2b3 ./Src/snake_prg.o
 .debug_abbrev  0x000014f9      0x1b6 ./Src/syscalls.o
 .debug_abbrev  0x000016af       0xbc ./Src/sysmem.o
 .debug_abbrev  0x0000176b       0x24 ./Startup/startup_stm32f401ccux.o

.debug_aranges  0x00000000      0x6a0
 .debug_aranges
                0x00000000       0x18 ./Src/FrameBuffer.o
 .debug_aranges
                0x00000018       0xe0 ./Src/HMATH_program.o
 .debug_aranges
                0x000000f8       0xc0 ./Src/HMEM_program.o
 .debug_aranges
                0x000001b8       0x70 ./Src/HMENU_program.o
 .debug_aranges
                0x00000228       0x38 ./Src/HTFT_prg.o
 .debug_aranges
                0x00000260       0x88 ./Src/HXO_program.o
 .debug_aranges
                0x000002e8       0x78 ./Src/MEXTI_Program.o
 .debug_aranges
                0x00000360       0x50 ./Src/MGPIO_prg.o
 .debug_aranges
                0x000003b0       0x50 ./Src/MNVIC_Program.o
 .debug_aranges
                0x00000400       0x30 ./Src/MRCC_prg.o
 .debug_aranges
                0x00000430       0x30 ./Src/MSPI_prg.o
 .debug_aranges
                0x00000460       0x70 ./Src/MSTK_prg.o
 .debug_aranges
                0x000004d0       0x28 ./Src/main.o
 .debug_aranges
                0x000004f8       0xb8 ./Src/snake_prg.o
 .debug_aranges
                0x000005b0       0xa8 ./Src/syscalls.o
 .debug_aranges
                0x00000658       0x20 ./Src/sysmem.o
 .debug_aranges
                0x00000678       0x28 ./Startup/startup_stm32f401ccux.o

.debug_macro    0x00000000     0x3811
 .debug_macro   0x00000000       0x35 ./Src/FrameBuffer.o
 .debug_macro   0x00000035      0xade ./Src/FrameBuffer.o
 .debug_macro   0x00000b13       0x10 ./Src/FrameBuffer.o
 .debug_macro   0x00000b23       0x52 ./Src/FrameBuffer.o
 .debug_macro   0x00000b75      0x18d ./Src/HMATH_program.o
 .debug_macro   0x00000d02       0x2a ./Src/HMATH_program.o
 .debug_macro   0x00000d2c       0x22 ./Src/HMATH_program.o
 .debug_macro   0x00000d4e       0x5b ./Src/HMATH_program.o
 .debug_macro   0x00000da9       0x94 ./Src/HMATH_program.o
 .debug_macro   0x00000e3d       0x43 ./Src/HMATH_program.o
 .debug_macro   0x00000e80       0x34 ./Src/HMATH_program.o
 .debug_macro   0x00000eb4       0x16 ./Src/HMATH_program.o
 .debug_macro   0x00000eca      0x11c ./Src/HMATH_program.o
 .debug_macro   0x00000fe6       0x9b ./Src/HMATH_program.o
 .debug_macro   0x00001081       0x57 ./Src/HMATH_program.o
 .debug_macro   0x000010d8      0x370 ./Src/HMATH_program.o
 .debug_macro   0x00001448       0x16 ./Src/HMATH_program.o
 .debug_macro   0x0000145e       0x4a ./Src/HMATH_program.o
 .debug_macro   0x000014a8       0x34 ./Src/HMATH_program.o
 .debug_macro   0x000014dc       0x10 ./Src/HMATH_program.o
 .debug_macro   0x000014ec       0x58 ./Src/HMATH_program.o
 .debug_macro   0x00001544       0x8e ./Src/HMATH_program.o
 .debug_macro   0x000015d2       0x1c ./Src/HMATH_program.o
 .debug_macro   0x000015ee      0x185 ./Src/HMATH_program.o
 .debug_macro   0x00001773       0x16 ./Src/HMATH_program.o
 .debug_macro   0x00001789       0x29 ./Src/HMATH_program.o
 .debug_macro   0x000017b2       0x22 ./Src/HMATH_program.o
 .debug_macro   0x000017d4       0x9a ./Src/HMATH_program.o
 .debug_macro   0x0000186e      0x1bd ./Src/HMEM_program.o
 .debug_macro   0x00001a2b       0x16 ./Src/HMEM_program.o
 .debug_macro   0x00001a41       0x3c ./Src/HMEM_program.o
 .debug_macro   0x00001a7d       0x20 ./Src/HMEM_program.o
 .debug_macro   0x00001a9d       0xac ./Src/HMEM_program.o
 .debug_macro   0x00001b49       0xfb ./Src/HMENU_program.o
 .debug_macro   0x00001c44       0x5d ./Src/HTFT_prg.o
 .debug_macro   0x00001ca1       0x3a ./Src/HTFT_prg.o
 .debug_macro   0x00001cdb       0xb5 ./Src/HXO_program.o
 .debug_macro   0x00001d90       0x40 ./Src/MEXTI_Program.o
 .debug_macro   0x00001dd0       0x2e ./Src/MEXTI_Program.o
 .debug_macro   0x00001dfe       0x36 ./Src/MGPIO_prg.o
 .debug_macro   0x00001e34       0x3a ./Src/MGPIO_prg.o
 .debug_macro   0x00001e6e       0x40 ./Src/MNVIC_Program.o
 .debug_macro   0x00001eae       0x28 ./Src/MNVIC_Program.o
 .debug_macro   0x00001ed6       0x3e ./Src/MRCC_prg.o
 .debug_macro   0x00001f14       0x10 ./Src/MRCC_prg.o
 .debug_macro   0x00001f24       0x40 ./Src/MRCC_prg.o
 .debug_macro   0x00001f64       0x8e ./Src/MRCC_prg.o
 .debug_macro   0x00001ff2       0x40 ./Src/MSPI_prg.o
 .debug_macro   0x00002032       0x64 ./Src/MSPI_prg.o
 .debug_macro   0x00002096       0x3f ./Src/MSTK_prg.o
 .debug_macro   0x000020d5       0x3a ./Src/MSTK_prg.o
 .debug_macro   0x0000210f       0x10 ./Src/MSTK_prg.o
 .debug_macro   0x0000211f       0x72 ./Src/main.o
 .debug_macro   0x00002191      0x171 ./Src/snake_prg.o
 .debug_macro   0x00002302       0x5e ./Src/snake_prg.o
 .debug_macro   0x00002360      0x274 ./Src/syscalls.o
 .debug_macro   0x000025d4      0x190 ./Src/syscalls.o
 .debug_macro   0x00002764       0x10 ./Src/syscalls.o
 .debug_macro   0x00002774       0x10 ./Src/syscalls.o
 .debug_macro   0x00002784       0x10 ./Src/syscalls.o
 .debug_macro   0x00002794       0x10 ./Src/syscalls.o
 .debug_macro   0x000027a4       0x6a ./Src/syscalls.o
 .debug_macro   0x0000280e       0x1c ./Src/syscalls.o
 .debug_macro   0x0000282a       0x52 ./Src/syscalls.o
 .debug_macro   0x0000287c       0x22 ./Src/syscalls.o
 .debug_macro   0x0000289e       0x10 ./Src/syscalls.o
 .debug_macro   0x000028ae       0x52 ./Src/syscalls.o
 .debug_macro   0x00002900       0xcf ./Src/syscalls.o
 .debug_macro   0x000029cf       0x1c ./Src/syscalls.o
 .debug_macro   0x000029eb       0x3d ./Src/syscalls.o
 .debug_macro   0x00002a28       0x35 ./Src/syscalls.o
 .debug_macro   0x00002a5d      0x12c ./Src/syscalls.o
 .debug_macro   0x00002b89       0x10 ./Src/syscalls.o
 .debug_macro   0x00002b99      0x242 ./Src/syscalls.o
 .debug_macro   0x00002ddb       0x1c ./Src/syscalls.o
 .debug_macro   0x00002df7       0x10 ./Src/syscalls.o
 .debug_macro   0x00002e07       0x10 ./Src/syscalls.o
 .debug_macro   0x00002e17       0x16 ./Src/syscalls.o
 .debug_macro   0x00002e2d      0x146 ./Src/syscalls.o
 .debug_macro   0x00002f73      0x103 ./Src/syscalls.o
 .debug_macro   0x00003076      0x1df ./Src/syscalls.o
 .debug_macro   0x00003255      0x18a ./Src/syscalls.o
 .debug_macro   0x000033df       0x16 ./Src/syscalls.o
 .debug_macro   0x000033f5       0xce ./Src/syscalls.o
 .debug_macro   0x000034c3      0x112 ./Src/sysmem.o
 .debug_macro   0x000035d5      0x23c ./Src/sysmem.o

.debug_line     0x00000000     0x4fe6
 .debug_line    0x00000000       0x6b ./Src/FrameBuffer.o
 .debug_line    0x0000006b      0xbe4 ./Src/HMATH_program.o
 .debug_line    0x00000c4f      0xda6 ./Src/HMEM_program.o
 .debug_line    0x000019f5      0x452 ./Src/HMENU_program.o
 .debug_line    0x00001e47      0x155 ./Src/HTFT_prg.o
 .debug_line    0x00001f9c      0x64f ./Src/HXO_program.o
 .debug_line    0x000025eb      0x304 ./Src/MEXTI_Program.o
 .debug_line    0x000028ef      0x5e3 ./Src/MGPIO_prg.o
 .debug_line    0x00002ed2      0x1dc ./Src/MNVIC_Program.o
 .debug_line    0x000030ae      0x170 ./Src/MRCC_prg.o
 .debug_line    0x0000321e      0x14f ./Src/MSPI_prg.o
 .debug_line    0x0000336d      0x1f2 ./Src/MSTK_prg.o
 .debug_line    0x0000355f      0x121 ./Src/main.o
 .debug_line    0x00003680      0xadf ./Src/snake_prg.o
 .debug_line    0x0000415f      0x898 ./Src/syscalls.o
 .debug_line    0x000049f7      0x574 ./Src/sysmem.o
 .debug_line    0x00004f6b       0x7b ./Startup/startup_stm32f401ccux.o

.debug_str      0x00000000     0xc38c
 .debug_str     0x00000000     0xc38c ./Src/FrameBuffer.o
                               0x2fcd (size before relaxing)
 .debug_str     0x0000c38c     0x725d ./Src/HMATH_program.o
 .debug_str     0x0000c38c     0x73ba ./Src/HMEM_program.o
 .debug_str     0x0000c38c     0x33f5 ./Src/HMENU_program.o
 .debug_str     0x0000c38c     0x32f5 ./Src/HTFT_prg.o
 .debug_str     0x0000c38c     0x3465 ./Src/HXO_program.o
 .debug_str     0x0000c38c     0x32e8 ./Src/MEXTI_Program.o
 .debug_str     0x0000c38c     0x3332 ./Src/MGPIO_prg.o
 .debug_str     0x0000c38c     0x31f6 ./Src/MNVIC_Program.o
 .debug_str     0x0000c38c     0x32f5 ./Src/MRCC_prg.o
 .debug_str     0x0000c38c     0x30c1 ./Src/MSPI_prg.o
 .debug_str     0x0000c38c     0x31de ./Src/MSTK_prg.o
 .debug_str     0x0000c38c     0x3408 ./Src/main.o
 .debug_str     0x0000c38c     0x6fcd ./Src/snake_prg.o
 .debug_str     0x0000c38c     0x99d4 ./Src/syscalls.o
 .debug_str     0x0000c38c     0x7772 ./Src/sysmem.o
 .debug_str     0x0000c38c       0x71 ./Startup/startup_stm32f401ccux.o

.comment        0x00000000       0x43
 .comment       0x00000000       0x43 ./Src/FrameBuffer.o
                                 0x44 (size before relaxing)
 .comment       0x00000043       0x44 ./Src/HMATH_program.o
 .comment       0x00000043       0x44 ./Src/HMEM_program.o
 .comment       0x00000043       0x44 ./Src/HMENU_program.o
 .comment       0x00000043       0x44 ./Src/HTFT_prg.o
 .comment       0x00000043       0x44 ./Src/HXO_program.o
 .comment       0x00000043       0x44 ./Src/MEXTI_Program.o
 .comment       0x00000043       0x44 ./Src/MGPIO_prg.o
 .comment       0x00000043       0x44 ./Src/MNVIC_Program.o
 .comment       0x00000043       0x44 ./Src/MRCC_prg.o
 .comment       0x00000043       0x44 ./Src/MSPI_prg.o
 .comment       0x00000043       0x44 ./Src/MSTK_prg.o
 .comment       0x00000043       0x44 ./Src/main.o
 .comment       0x00000043       0x44 ./Src/snake_prg.o
 .comment       0x00000043       0x44 ./Src/syscalls.o
 .comment       0x00000043       0x44 ./Src/sysmem.o

.debug_rnglists
                0x00000000      0x4d3
 .debug_rnglists
                0x00000000       0xab ./Src/HMATH_program.o
 .debug_rnglists
                0x000000ab       0xa1 ./Src/HMEM_program.o
 .debug_rnglists
                0x0000014c       0x53 ./Src/HMENU_program.o
 .debug_rnglists
                0x0000019f       0x27 ./Src/HTFT_prg.o
 .debug_rnglists
                0x000001c6       0x68 ./Src/HXO_program.o
 .debug_rnglists
                0x0000022e       0x56 ./Src/MEXTI_Program.o
 .debug_rnglists
                0x00000284       0x3e ./Src/MGPIO_prg.o
 .debug_rnglists
                0x000002c2       0x38 ./Src/MNVIC_Program.o
 .debug_rnglists
                0x000002fa       0x21 ./Src/MRCC_prg.o
 .debug_rnglists
                0x0000031b       0x20 ./Src/MSPI_prg.o
 .debug_rnglists
                0x0000033b       0x4f ./Src/MSTK_prg.o
 .debug_rnglists
                0x0000038a       0x1a ./Src/main.o
 .debug_rnglists
                0x000003a4       0x8a ./Src/snake_prg.o
 .debug_rnglists
                0x0000042e       0x79 ./Src/syscalls.o
 .debug_rnglists
                0x000004a7       0x13 ./Src/sysmem.o
 .debug_rnglists
                0x000004ba       0x19 ./Startup/startup_stm32f401ccux.o

.debug_frame    0x00000000     0x20c0
 .debug_frame   0x00000000      0x388 ./Src/HMATH_program.o
 .debug_frame   0x00000388      0x314 ./Src/HMEM_program.o
 .debug_frame   0x0000069c      0x17c ./Src/HMENU_program.o
 .debug_frame   0x00000818       0x98 ./Src/HTFT_prg.o
 .debug_frame   0x000008b0      0x1fc ./Src/HXO_program.o
 .debug_frame   0x00000aac      0x1ac ./Src/MEXTI_Program.o
 .debug_frame   0x00000c58      0x12c ./Src/MGPIO_prg.o
 .debug_frame   0x00000d84      0x128 ./Src/MNVIC_Program.o
 .debug_frame   0x00000eac       0x80 ./Src/MRCC_prg.o
 .debug_frame   0x00000f2c       0x78 ./Src/MSPI_prg.o
 .debug_frame   0x00000fa4      0x18c ./Src/MSTK_prg.o
 .debug_frame   0x00001130       0x4c ./Src/main.o
 .debug_frame   0x0000117c      0x2b4 ./Src/snake_prg.o
 .debug_frame   0x00001430      0x2ac ./Src/syscalls.o
 .debug_frame   0x000016dc       0x34 ./Src/sysmem.o
 .debug_frame   0x00001710       0x44 F:/STM32CubeIDE_1.19.0/STM32CubeIDE/plugins/com.st.stm32cube.ide.mcu.externaltools.gnu-tools-for-stm32.13.3.rel1.win32_1.0.0.202411081344/tools/bin/../lib/gcc/arm-none-eabi/13.3.1/../../../../arm-none-eabi/lib/thumb/v7e-m+fp/hard\libc_nano.a(libc_a-rand.o)
 .debug_frame   0x00001754      0x144 F:/STM32CubeIDE_1.19.0/STM32CubeIDE/plugins/com.st.stm32cube.ide.mcu.externaltools.gnu-tools-for-stm32.13.3.rel1.win32_1.0.0.202411081344/tools/bin/../lib/gcc/arm-none-eabi/13.3.1/../../../../arm-none-eabi/lib/thumb/v7e-m+fp/hard\libc_nano.a(libc_a-findfp.o)
 .debug_frame   0x00001898       0x34 F:/STM32CubeIDE_1.19.0/STM32CubeIDE/plugins/com.st.stm32cube.ide.mcu.externaltools.gnu-tools-for-stm32.13.3.rel1.win32_1.0.0.202411081344/tools/bin/../lib/gcc/arm-none-eabi/13.3.1/../../../../arm-none-eabi/lib/thumb/v7e-m+fp/hard\libc_nano.a(libc_a-fwalk.o)
 .debug_frame   0x000018cc       0x88 F:/STM32CubeIDE_1.19.0/STM32CubeIDE/plugins/com.st.stm32cube.ide.mcu.externaltools.gnu-tools-for-stm32.13.3.rel1.win32_1.0.0.202411081344/tools/bin/../lib/gcc/arm-none-eabi/13.3.1/../../../../arm-none-eabi/lib/thumb/v7e-m+fp/hard\libc_nano.a(libc_a-stdio.o)
 .debug_frame   0x00001954       0x20 F:/STM32CubeIDE_1.19.0/STM32CubeIDE/plugins/com.st.stm32cube.ide.mcu.externaltools.gnu-tools-for-stm32.13.3.rel1.win32_1.0.0.202411081344/tools/bin/../lib/gcc/arm-none-eabi/13.3.1/../../../../arm-none-eabi/lib/thumb/v7e-m+fp/hard\libc_nano.a(libc_a-memset.o)
 .debug_frame   0x00001974       0x2c F:/STM32CubeIDE_1.19.0/STM32CubeIDE/plugins/com.st.stm32cube.ide.mcu.externaltools.gnu-tools-for-stm32.13.3.rel1.win32_1.0.0.202411081344/tools/bin/../lib/gcc/arm-none-eabi/13.3.1/../../../../arm-none-eabi/lib/thumb/v7e-m+fp/hard\libc_nano.a(libc_a-closer.o)
 .debug_frame   0x000019a0       0x38 F:/STM32CubeIDE_1.19.0/STM32CubeIDE/plugins/com.st.stm32cube.ide.mcu.externaltools.gnu-tools-for-stm32.13.3.rel1.win32_1.0.0.202411081344/tools/bin/../lib/gcc/arm-none-eabi/13.3.1/../../../../arm-none-eabi/lib/thumb/v7e-m+fp/hard\libc_nano.a(libc_a-reent.o)
 .debug_frame   0x000019d8       0x2c F:/STM32CubeIDE_1.19.0/STM32CubeIDE/plugins/com.st.stm32cube.ide.mcu.externaltools.gnu-tools-for-stm32.13.3.rel1.win32_1.0.0.202411081344/tools/bin/../lib/gcc/arm-none-eabi/13.3.1/../../../../arm-none-eabi/lib/thumb/v7e-m+fp/hard\libc_nano.a(libc_a-lseekr.o)
 .debug_frame   0x00001a04       0x2c F:/STM32CubeIDE_1.19.0/STM32CubeIDE/plugins/com.st.stm32cube.ide.mcu.externaltools.gnu-tools-for-stm32.13.3.rel1.win32_1.0.0.202411081344/tools/bin/../lib/gcc/arm-none-eabi/13.3.1/../../../../arm-none-eabi/lib/thumb/v7e-m+fp/hard\libc_nano.a(libc_a-readr.o)
 .debug_frame   0x00001a30       0x2c F:/STM32CubeIDE_1.19.0/STM32CubeIDE/plugins/com.st.stm32cube.ide.mcu.externaltools.gnu-tools-for-stm32.13.3.rel1.win32_1.0.0.202411081344/tools/bin/../lib/gcc/arm-none-eabi/13.3.1/../../../../arm-none-eabi/lib/thumb/v7e-m+fp/hard\libc_nano.a(libc_a-writer.o)
 .debug_frame   0x00001a5c       0x20 F:/STM32CubeIDE_1.19.0/STM32CubeIDE/plugins/com.st.stm32cube.ide.mcu.externaltools.gnu-tools-for-stm32.13.3.rel1.win32_1.0.0.202411081344/tools/bin/../lib/gcc/arm-none-eabi/13.3.1/../../../../arm-none-eabi/lib/thumb/v7e-m+fp/hard\libc_nano.a(libc_a-errno.o)
 .debug_frame   0x00001a7c       0x2c F:/STM32CubeIDE_1.19.0/STM32CubeIDE/plugins/com.st.stm32cube.ide.mcu.externaltools.gnu-tools-for-stm32.13.3.rel1.win32_1.0.0.202411081344/tools/bin/../lib/gcc/arm-none-eabi/13.3.1/../../../../arm-none-eabi/lib/thumb/v7e-m+fp/hard\libc_nano.a(libc_a-init.o)
 .debug_frame   0x00001aa8       0xb0 F:/STM32CubeIDE_1.19.0/STM32CubeIDE/plugins/com.st.stm32cube.ide.mcu.externaltools.gnu-tools-for-stm32.13.3.rel1.win32_1.0.0.202411081344/tools/bin/../lib/gcc/arm-none-eabi/13.3.1/../../../../arm-none-eabi/lib/thumb/v7e-m+fp/hard\libc_nano.a(libc_a-lock.o)
 .debug_frame   0x00001b58       0x40 F:/STM32CubeIDE_1.19.0/STM32CubeIDE/plugins/com.st.stm32cube.ide.mcu.externaltools.gnu-tools-for-stm32.13.3.rel1.win32_1.0.0.202411081344/tools/bin/../lib/gcc/arm-none-eabi/13.3.1/../../../../arm-none-eabi/lib/thumb/v7e-m+fp/hard\libc_nano.a(libc_a-assert.o)
 .debug_frame   0x00001b98       0x38 F:/STM32CubeIDE_1.19.0/STM32CubeIDE/plugins/com.st.stm32cube.ide.mcu.externaltools.gnu-tools-for-stm32.13.3.rel1.win32_1.0.0.202411081344/tools/bin/../lib/gcc/arm-none-eabi/13.3.1/../../../../arm-none-eabi/lib/thumb/v7e-m+fp/hard\libc_nano.a(libc_a-freer.o)
 .debug_frame   0x00001bd0       0x30 F:/STM32CubeIDE_1.19.0/STM32CubeIDE/plugins/com.st.stm32cube.ide.mcu.externaltools.gnu-tools-for-stm32.13.3.rel1.win32_1.0.0.202411081344/tools/bin/../lib/gcc/arm-none-eabi/13.3.1/../../../../arm-none-eabi/lib/thumb/v7e-m+fp/hard\libc_nano.a(libc_a-malloc.o)
 .debug_frame   0x00001c00       0x50 F:/STM32CubeIDE_1.19.0/STM32CubeIDE/plugins/com.st.stm32cube.ide.mcu.externaltools.gnu-tools-for-stm32.13.3.rel1.win32_1.0.0.202411081344/tools/bin/../lib/gcc/arm-none-eabi/13.3.1/../../../../arm-none-eabi/lib/thumb/v7e-m+fp/hard\libc_nano.a(libc_a-mallocr.o)
 .debug_frame   0x00001c50       0x30 F:/STM32CubeIDE_1.19.0/STM32CubeIDE/plugins/com.st.stm32cube.ide.mcu.externaltools.gnu-tools-for-stm32.13.3.rel1.win32_1.0.0.202411081344/tools/bin/../lib/gcc/arm-none-eabi/13.3.1/../../../../arm-none-eabi/lib/thumb/v7e-m+fp/hard\libc_nano.a(libc_a-mlock.o)
 .debug_frame   0x00001c80       0x5c F:/STM32CubeIDE_1.19.0/STM32CubeIDE/plugins/com.st.stm32cube.ide.mcu.externaltools.gnu-tools-for-stm32.13.3.rel1.win32_1.0.0.202411081344/tools/bin/../lib/gcc/arm-none-eabi/13.3.1/../../../../arm-none-eabi/lib/thumb/v7e-m+fp/hard\libc_nano.a(libc_a-fflush.o)
 .debug_frame   0x00001cdc       0x64 F:/STM32CubeIDE_1.19.0/STM32CubeIDE/plugins/com.st.stm32cube.ide.mcu.externaltools.gnu-tools-for-stm32.13.3.rel1.win32_1.0.0.202411081344/tools/bin/../lib/gcc/arm-none-eabi/13.3.1/../../../../arm-none-eabi/lib/thumb/v7e-m+fp/hard\libc_nano.a(libc_a-fprintf.o)
 .debug_frame   0x00001d40       0x2c F:/STM32CubeIDE_1.19.0/STM32CubeIDE/plugins/com.st.stm32cube.ide.mcu.externaltools.gnu-tools-for-stm32.13.3.rel1.win32_1.0.0.202411081344/tools/bin/../lib/gcc/arm-none-eabi/13.3.1/../../../../arm-none-eabi/lib/thumb/v7e-m+fp/hard\libc_nano.a(libc_a-sbrkr.o)
 .debug_frame   0x00001d6c       0x28 F:/STM32CubeIDE_1.19.0/STM32CubeIDE/plugins/com.st.stm32cube.ide.mcu.externaltools.gnu-tools-for-stm32.13.3.rel1.win32_1.0.0.202411081344/tools/bin/../lib/gcc/arm-none-eabi/13.3.1/../../../../arm-none-eabi/lib/thumb/v7e-m+fp/hard\libc_nano.a(libc_a-abort.o)
 .debug_frame   0x00001d94       0xa8 F:/STM32CubeIDE_1.19.0/STM32CubeIDE/plugins/com.st.stm32cube.ide.mcu.externaltools.gnu-tools-for-stm32.13.3.rel1.win32_1.0.0.202411081344/tools/bin/../lib/gcc/arm-none-eabi/13.3.1/../../../../arm-none-eabi/lib/thumb/v7e-m+fp/hard\libc_nano.a(libc_a-nano-vfprintf.o)
 .debug_frame   0x00001e3c       0x60 F:/STM32CubeIDE_1.19.0/STM32CubeIDE/plugins/com.st.stm32cube.ide.mcu.externaltools.gnu-tools-for-stm32.13.3.rel1.win32_1.0.0.202411081344/tools/bin/../lib/gcc/arm-none-eabi/13.3.1/../../../../arm-none-eabi/lib/thumb/v7e-m+fp/hard\libc_nano.a(libc_a-nano-vfprintf_i.o)
 .debug_frame   0x00001e9c       0x40 F:/STM32CubeIDE_1.19.0/STM32CubeIDE/plugins/com.st.stm32cube.ide.mcu.externaltools.gnu-tools-for-stm32.13.3.rel1.win32_1.0.0.202411081344/tools/bin/../lib/gcc/arm-none-eabi/13.3.1/../../../../arm-none-eabi/lib/thumb/v7e-m+fp/hard\libc_nano.a(libc_a-wbuf.o)