../Src/HMATH_program.c:99:6:HMATH_btnACallback	4	static
../Src/HMATH_program.c:104:6:HMATH_btnBCallback	4	static
../Src/HMATH_program.c:109:6:HMATH_btnCCallback	4	static
../Src/HMATH_program.c:116:6:HMATH_voidInit	8	static
../Src/HMATH_program.c:155:6:HMATH_voidResetGame	8	static
../Src/HMATH_program.c:164:12:HMATH_u16GetFrameBuffer	4	static
../Src/HMATH_program.c:169:4:HMATH_u8GetScore	4	static
../Src/HMATH_program.c:174:4:HMATH_u8GetQuestionNumber	4	static
../Src/HMATH_program.c:179:6:HMATH_voidPoll	16	static
../Src/HMATH_program.c:247:13:HMATH_voidGenerateQuestion	24	static
../Src/HMATH_program.c:288:13:HMATH_voidDisplayQuestion	24	static
../Src/HMATH_program.c:335:13:HMATH_voidDisplayScore	8	static
../Src/HMATH_program.c:345:11:HMATH_u8CheckAnswer	16	static
../Src/HMATH_program.c:350:13:HMATH_voidShowFeedback	32	static
../Src/HMATH_program.c:370:13:HMATH_voidClearFrame	16	static
../Src/HMATH_program.c:377:13:HMATH_voidDrawText	32	static
../Src/HMATH_program.c:389:13:HMATH_voidDrawChar	32	static
../Src/HMATH_program.c:404:13:HMATH_voidDrawNumber	40	static
../Src/HMATH_program.c:441:13:HMATH_voidFillRect	32	static
../Src/HMATH_program.c:458:13:HMATH_voidSetPixel	16	static
../Src/HMATH_program.c:464:12:HMATH_u32GetMillis	4	static
../Src/HMATH_program.c:472:12:HMATH_u16GetRandom	24	static
../Src/HMATH_program.c:480:13:HMATH_voidInitRandom	4	static
../Src/HMATH_program.c:486:11:HMATH_u8GetTextWidth	24	static
../Src/HMATH_program.c:493:11:HMATH_u8GetNumberWidth	24	static
