../Src/HMEM_program.c:40:6:HMEM_btnFlipCallback	4	static
../Src/HMEM_program.c:45:6:HMEM_btnNextCallback	4	static
../Src/HMEM_program.c:50:6:HMEM_btnResetCallback	4	static
../Src/HMEM_program.c:71:6:HMEM_voidInit	8	static
../Src/HMEM_program.c:107:6:HMEM_voidResetGame	16	static
../Src/HMEM_program.c:136:12:HMEM_u16GetFrameBuffer	4	static
../Src/HMEM_program.c:141:18:HMEM_GameStateGet	4	static
../Src/HMEM_program.c:146:5:HMEM_u16GetMoves	4	static
../Src/HMEM_program.c:151:6:HMEM_voidPoll	32	static
../Src/HMEM_program.c:265:12:HMEM_u32GetMillis	4	static
../Src/HMEM_program.c:273:13:HMEM_voidShuffleCards	32	static
../Src/HMEM_program.c:297:11:HMEM_u8CheckWin	16	static
../Src/HMEM_program.c:310:13:HMEM_voidDrawFrame	32	static
../Src/HMEM_program.c:335:13:HMEM_voidDrawCard	48	static
../Src/HMEM_program.c:368:13:HMEM_voidDrawCursor	40	static
../Src/HMEM_program.c:380:13:HMEM_voidDrawSymbol	40	static
../Src/HMEM_program.c:450:13:HMEM_voidGetCardBounds	24	static
../Src/HMEM_program.c:458:13:HMEM_voidGetCardCenter	48	static
../Src/HMEM_program.c:466:13:HMEM_voidFillRect	32	static
../Src/HMEM_program.c:483:13:HMEM_voidSetPixel	16	static
../Src/HMEM_program.c:489:13:HMEM_voidDrawLine	48	static
