../Src/snake_prg.c:41:6:Snake_btnLeftCallback	4	static
../Src/snake_prg.c:46:6:Snake_btnRightCallback	4	static
../Src/snake_prg.c:51:6:Snake_btnRestartCallback	4	static
../Src/snake_prg.c:60:6:Snake_voidInit	8	static
../Src/snake_prg.c:110:6:Snake_voidGameLoop	8	static
../Src/snake_prg.c:136:6:Snake_voidUpdate	16	static
../Src/snake_prg.c:218:6:Snake_voidRestart	8	static
../Src/snake_prg.c:222:5:Snake_u16GetScore	4	static
../Src/snake_prg.c:226:4:Snake_u8IsGameOver	4	static
../Src/snake_prg.c:230:6:Snake_voidHandleInput	8	static
../Src/snake_prg.c:264:13:Snake_voidFillScreen	24	static
../Src/snake_prg.c:272:13:Snake_voidDrawPixel	16	static
../Src/snake_prg.c:278:13:Snake_voidDrawRect	32	static
../Src/snake_prg.c:287:13:Snake_voidUpdateDisplay	8	static
../Src/snake_prg.c:291:13:Snake_voidDrawInitialState	16	static
../Src/snake_prg.c:309:13:Snake_voidDrawBlock	32	static
../Src/snake_prg.c:317:13:Snake_voidGenerateFood	16	static
../Src/snake_prg.c:332:11:Snake_u8CheckCollision	24	static
../Src/snake_prg.c:342:13:Snake_voidDrawScore	24	static
../Src/snake_prg.c:355:13:Snake_voidGameOver	24	static
